Product: MDK-ARM Lite 5.10
Component: ARM Compiler 5.04 update 1 (build 49)
Tool: armlink [5040049]

==============================================================================

Section Cross References

    main.o(.text) refers to system_stm32f4xx.o(.text) for SystemCoreClockUpdate
    main.o(.text) refers to serial_port_usb.o(.text) for init_serial_port_usb
    main.o(.text) refers to speaker.o(.text) for init_speaker
    main.o(.text) refers to dfltui.o(.text) for __aeabi_ui2d
    main.o(.text) refers to ddiv.o(.text) for __aeabi_ddiv
    main.o(.text) refers to d2f.o(.text) for __aeabi_d2f
    main.o(.text) refers to main.o(.data) for msTicks
    main.o(.text) refers to system_stm32f4xx.o(.data) for SystemCoreClock
    main.o(.text) refers to arm_sin_f32.o(.text) for arm_sin_f32
    serial_port_usb.o(.text) refers to tm_stm32f4_usb_vcp.o(.text) for TM_USB_VCP_Init
    speaker.o(.text) refers to stm32f4xx_rcc.o(.text) for RCC_AHB1PeriphClockCmd
    speaker.o(.text) refers to codec.o(.text) for codec_init
    speaker.o(.text) refers to stm32f4xx_spi.o(.text) for I2S_Cmd
    codec.o(.text) refers to stm32f4xx_gpio.o(.text) for GPIO_StructInit
    codec.o(.text) refers to stm32f4xx_rcc.o(.text) for RCC_AHB1PeriphClockCmd
    codec.o(.text) refers to stm32f4xx_spi.o(.text) for SPI_I2S_DeInit
    codec.o(.text) refers to stm32f4xx_i2c.o(.text) for I2C_DeInit
    tm_stm32f4_usb_vcp.o(.text) refers to usbd_core.o(.text) for USBD_Init
    tm_stm32f4_usb_vcp.o(.text) refers to usbd_cdc_vcp.o(.text) for VCP_DataTx
    tm_stm32f4_usb_vcp.o(.text) refers to usbd_usr.o(.data) for USR_cb
    tm_stm32f4_usb_vcp.o(.text) refers to usbd_cdc_core.o(.data) for USBD_CDC_cb
    tm_stm32f4_usb_vcp.o(.text) refers to usbd_desc.o(.data) for USR_desc
    tm_stm32f4_usb_vcp.o(.text) refers to tm_stm32f4_usb_vcp.o(.bss) for USB_OTG_dev
    tm_stm32f4_usb_vcp.o(.text) refers to tm_stm32f4_usb_vcp.o(.data) for tm_int_usb_vcp_buf_in
    usb_bsp.o(.text) refers to stm32f4xx_rcc.o(.text) for RCC_AHB1PeriphClockCmd
    usb_bsp.o(.text) refers to stm32f4xx_gpio.o(.text) for GPIO_Init
    usb_bsp.o(.text) refers to misc.o(.text) for NVIC_PriorityGroupConfig
    usb_bsp.o(.text) refers to stm32f4xx_exti.o(.text) for EXTI_ClearITPendingBit
    usb_bsp.o(.text) refers to usb_dcd_int.o(.text) for USBD_OTG_ISR_Handler
    usb_bsp.o(.text) refers to tm_stm32f4_usb_vcp.o(.bss) for USB_OTG_dev
    usb_core.o(.text) refers to usb_bsp.o(.text) for USB_OTG_BSP_uDelay
    usb_dcd.o(.text) refers to usb_core.o(.text) for USB_OTG_SelectCore
    usb_dcd.o(.text) refers to usb_bsp.o(.text) for USB_OTG_BSP_mDelay
    usb_dcd_int.o(.text) refers to usb_core.o(.text) for USB_OTG_EP0Activate
    usb_dcd_int.o(.text) refers to usbd_core.o(.data) for USBD_DCD_INT_fops
    usbd_cdc_core.o(.text) refers to usb_dcd.o(.text) for DCD_EP_Open
    usbd_cdc_core.o(.text) refers to usbd_ioreq.o(.text) for USBD_CtlSendData
    usbd_cdc_core.o(.text) refers to usbd_req.o(.text) for USBD_CtlError
    usbd_cdc_core.o(.text) refers to usbd_desc.o(.data) for USBD_DeviceDesc
    usbd_cdc_core.o(.text) refers to usbd_cdc_vcp.o(.data) for VCP_fops
    usbd_cdc_core.o(.text) refers to usbd_cdc_core.o(.bss) for USB_Rx_Buffer
    usbd_cdc_core.o(.text) refers to usbd_cdc_core.o(.data) for usbd_cdc_CfgDesc
    usbd_cdc_core.o(.data) refers to usbd_cdc_core.o(.text) for usbd_cdc_Init
    usbd_cdc_vcp.o(.text) refers to tm_stm32f4_usb_vcp.o(.text) for TM_INT_USB_VCP_AddReceived
    usbd_cdc_vcp.o(.text) refers to usbd_cdc_vcp.o(.data) for linecoding
    usbd_cdc_vcp.o(.text) refers to usbd_cdc_core.o(.bss) for APP_Rx_Buffer
    usbd_cdc_vcp.o(.text) refers to usbd_cdc_core.o(.data) for APP_Rx_ptr_in
    usbd_cdc_vcp.o(.data) refers to usbd_cdc_vcp.o(.text) for VCP_Init
    usbd_core.o(.text) refers to usb_bsp.o(.text) for USB_OTG_BSP_Init
    usbd_core.o(.text) refers to usb_dcd.o(.text) for DCD_Init
    usbd_core.o(.text) refers to usbd_req.o(.text) for USBD_ParseSetupRequest
    usbd_core.o(.text) refers to usbd_ioreq.o(.text) for USBD_CtlContinueRx
    usbd_core.o(.text) refers to usbd_core.o(.data) for SET_TEST_MODE
    usbd_core.o(.data) refers to usbd_core.o(.text) for USBD_DataOutStage
    usbd_desc.o(.text) refers to usbd_req.o(.text) for USBD_GetString
    usbd_desc.o(.text) refers to usbd_desc.o(.data) for USBD_DeviceDesc
    usbd_desc.o(.text) refers to usbd_req.o(.bss) for USBD_StrDesc
    usbd_desc.o(.data) refers to usbd_desc.o(.text) for USBD_USR_DeviceDescriptor
    usbd_ioreq.o(.text) refers to usb_dcd.o(.text) for DCD_EP_Tx
    usbd_ioreq.o(.text) refers to usb_core.o(.text) for USB_OTG_EP0_OutStart
    usbd_req.o(.text) refers to usb_dcd.o(.text) for DCD_EP_Stall
    usbd_req.o(.text) refers to usb_core.o(.text) for USB_OTG_EP0_OutStart
    usbd_req.o(.text) refers to usbd_ioreq.o(.text) for USBD_CtlSendStatus
    usbd_req.o(.text) refers to usbd_core.o(.text) for USBD_SetCfg
    usbd_req.o(.text) refers to usbd_core.o(.data) for SET_TEST_MODE
    usbd_req.o(.text) refers to usbd_req.o(.data) for USBD_cfg_status
    usbd_usr.o(.text) refers to usbd_usr.o(.data) for TM_USB_VCP_INT_Status
    usbd_usr.o(.data) refers to usbd_usr.o(.text) for USBD_USR_Init
    system_stm32f4xx.o(.text) refers to system_stm32f4xx.o(.data) for SystemCoreClock
    startup_stm32f40_41xxx.o(RESET) refers to startup_stm32f40_41xxx.o(STACK) for __initial_sp
    startup_stm32f40_41xxx.o(RESET) refers to startup_stm32f40_41xxx.o(.text) for Reset_Handler
    startup_stm32f40_41xxx.o(RESET) refers to main.o(.text) for SysTick_Handler
    startup_stm32f40_41xxx.o(RESET) refers to usb_bsp.o(.text) for OTG_FS_WKUP_IRQHandler
    startup_stm32f40_41xxx.o(.text) refers to system_stm32f4xx.o(.text) for SystemInit
    startup_stm32f40_41xxx.o(.text) refers to entry.o(.ARM.Collect$$$$00000000) for __main
    stm32f4xx_gpio.o(.text) refers to stm32f4xx_rcc.o(.text) for RCC_AHB1PeriphResetCmd
    stm32f4xx_rcc.o(.text) refers to stm32f4xx_rcc.o(.data) for APBAHBPrescTable
    stm32f4xx_syscfg.o(.text) refers to stm32f4xx_rcc.o(.text) for RCC_APB2PeriphResetCmd
    stm32f4xx_spi.o(.text) refers to stm32f4xx_rcc.o(.text) for RCC_APB2PeriphResetCmd
    stm32f4xx_i2c.o(.text) refers to stm32f4xx_rcc.o(.text) for RCC_APB1PeriphResetCmd
    arm_sin_f32.o(.text) refers to arm_common_tables.o(.constdata) for sinTable_f32
    entry.o(.ARM.Collect$$$$00000000) refers (Special) to entry10a.o(.ARM.Collect$$$$0000000D) for __rt_final_cpp
    entry.o(.ARM.Collect$$$$00000000) refers (Special) to entry11a.o(.ARM.Collect$$$$0000000F) for __rt_final_exit
    entry.o(.ARM.Collect$$$$00000000) refers (Special) to entry7b.o(.ARM.Collect$$$$00000008) for _main_clock
    entry.o(.ARM.Collect$$$$00000000) refers (Special) to entry8b.o(.ARM.Collect$$$$0000000A) for _main_cpp_init
    entry.o(.ARM.Collect$$$$00000000) refers (Special) to entry9a.o(.ARM.Collect$$$$0000000B) for _main_init
    entry.o(.ARM.Collect$$$$00000000) refers (Special) to entry5.o(.ARM.Collect$$$$00000004) for _main_scatterload
    entry.o(.ARM.Collect$$$$00000000) refers (Special) to entry2.o(.ARM.Collect$$$$00000001) for _main_stk
    ddiv.o(.text) refers (Special) to iusefp.o(.text) for __I$use$fp
    ddiv.o(.text) refers to depilogue.o(.text) for _double_round
    dfltui.o(.text) refers (Special) to iusefp.o(.text) for __I$use$fp
    dfltui.o(.text) refers to depilogue.o(.text) for _double_epilogue
    d2f.o(.text) refers (Special) to iusefp.o(.text) for __I$use$fp
    d2f.o(.text) refers to fepilogue.o(.text) for _float_round
    entry2.o(.ARM.Collect$$$$00000001) refers to entry2.o(.ARM.Collect$$$$00002712) for __lit__00000000
    entry2.o(.ARM.Collect$$$$00002712) refers to startup_stm32f40_41xxx.o(STACK) for __initial_sp
    entry2.o(__vectab_stack_and_reset_area) refers to startup_stm32f40_41xxx.o(STACK) for __initial_sp
    entry2.o(__vectab_stack_and_reset_area) refers to entry.o(.ARM.Collect$$$$00000000) for __main
    entry5.o(.ARM.Collect$$$$00000004) refers to init.o(.text) for __scatterload
    entry9a.o(.ARM.Collect$$$$0000000B) refers to main.o(.text) for main
    entry9b.o(.ARM.Collect$$$$0000000C) refers to main.o(.text) for main
    depilogue.o(.text) refers to llshl.o(.text) for __aeabi_llsl
    depilogue.o(.text) refers to llushr.o(.text) for __aeabi_llsr
    init.o(.text) refers to entry5.o(.ARM.Collect$$$$00000004) for __main_after_scatterload


==============================================================================

Removing Unused input sections from the image.

    Removing fputc_def.o(.rev16_text), (4 bytes).
    Removing fputc_def.o(.revsh_text), (4 bytes).
    Removing fputc_def.o(.text), (36 bytes).
    Removing main.o(.rev16_text), (4 bytes).
    Removing main.o(.revsh_text), (4 bytes).
    Removing serial_port_usb.o(.rev16_text), (4 bytes).
    Removing serial_port_usb.o(.revsh_text), (4 bytes).
    Removing speaker.o(.rev16_text), (4 bytes).
    Removing speaker.o(.revsh_text), (4 bytes).
    Removing codec.o(.rev16_text), (4 bytes).
    Removing codec.o(.revsh_text), (4 bytes).
    Removing tm_stm32f4_usb_vcp.o(.rev16_text), (4 bytes).
    Removing tm_stm32f4_usb_vcp.o(.revsh_text), (4 bytes).
    Removing usb_bsp.o(.rev16_text), (4 bytes).
    Removing usb_bsp.o(.revsh_text), (4 bytes).
    Removing usb_core.o(.rev16_text), (4 bytes).
    Removing usb_core.o(.revsh_text), (4 bytes).
    Removing usb_dcd.o(.rev16_text), (4 bytes).
    Removing usb_dcd.o(.revsh_text), (4 bytes).
    Removing usb_dcd_int.o(.rev16_text), (4 bytes).
    Removing usb_dcd_int.o(.revsh_text), (4 bytes).
    Removing usbd_cdc_core.o(.rev16_text), (4 bytes).
    Removing usbd_cdc_core.o(.revsh_text), (4 bytes).
    Removing usbd_cdc_vcp.o(.rev16_text), (4 bytes).
    Removing usbd_cdc_vcp.o(.revsh_text), (4 bytes).
    Removing usbd_core.o(.rev16_text), (4 bytes).
    Removing usbd_core.o(.revsh_text), (4 bytes).
    Removing usbd_desc.o(.rev16_text), (4 bytes).
    Removing usbd_desc.o(.revsh_text), (4 bytes).
    Removing usbd_ioreq.o(.rev16_text), (4 bytes).
    Removing usbd_ioreq.o(.revsh_text), (4 bytes).
    Removing usbd_req.o(.rev16_text), (4 bytes).
    Removing usbd_req.o(.revsh_text), (4 bytes).
    Removing usbd_usr.o(.rev16_text), (4 bytes).
    Removing usbd_usr.o(.revsh_text), (4 bytes).
    Removing system_stm32f4xx.o(.rev16_text), (4 bytes).
    Removing system_stm32f4xx.o(.revsh_text), (4 bytes).
    Removing startup_stm32f40_41xxx.o(HEAP), (12288 bytes).
    Removing misc.o(.rev16_text), (4 bytes).
    Removing misc.o(.revsh_text), (4 bytes).
    Removing stm32f4xx_exti.o(.rev16_text), (4 bytes).
    Removing stm32f4xx_exti.o(.revsh_text), (4 bytes).
    Removing stm32f4xx_gpio.o(.rev16_text), (4 bytes).
    Removing stm32f4xx_gpio.o(.revsh_text), (4 bytes).
    Removing stm32f4xx_rcc.o(.rev16_text), (4 bytes).
    Removing stm32f4xx_rcc.o(.revsh_text), (4 bytes).
    Removing stm32f4xx_syscfg.o(.rev16_text), (4 bytes).
    Removing stm32f4xx_syscfg.o(.revsh_text), (4 bytes).
    Removing stm32f4xx_syscfg.o(.text), (148 bytes).
    Removing stm32f4xx_spi.o(.rev16_text), (4 bytes).
    Removing stm32f4xx_spi.o(.revsh_text), (4 bytes).
    Removing stm32f4xx_i2c.o(.rev16_text), (4 bytes).
    Removing stm32f4xx_i2c.o(.revsh_text), (4 bytes).
    Removing arm_sin_f32.o(.rev16_text), (4 bytes).
    Removing arm_sin_f32.o(.revsh_text), (4 bytes).
    Removing arm_common_tables.o(.rev16_text), (4 bytes).
    Removing arm_common_tables.o(.revsh_text), (4 bytes).
    Removing arm_common_tables.o(.constdata), (2048 bytes).
    Removing arm_common_tables.o(.constdata), (128 bytes).
    Removing arm_common_tables.o(.constdata), (256 bytes).
    Removing arm_common_tables.o(.constdata), (512 bytes).
    Removing arm_common_tables.o(.constdata), (1024 bytes).
    Removing arm_common_tables.o(.constdata), (2048 bytes).
    Removing arm_common_tables.o(.constdata), (4096 bytes).
    Removing arm_common_tables.o(.constdata), (8192 bytes).
    Removing arm_common_tables.o(.constdata), (16384 bytes).
    Removing arm_common_tables.o(.constdata), (32768 bytes).
    Removing arm_common_tables.o(.constdata), (24576 bytes).
    Removing arm_common_tables.o(.constdata), (12288 bytes).
    Removing arm_common_tables.o(.constdata), (128 bytes).
    Removing arm_common_tables.o(.constdata), (256 bytes).
    Removing arm_common_tables.o(.constdata), (40 bytes).
    Removing arm_common_tables.o(.constdata), (96 bytes).
    Removing arm_common_tables.o(.constdata), (112 bytes).
    Removing arm_common_tables.o(.constdata), (416 bytes).
    Removing arm_common_tables.o(.constdata), (880 bytes).
    Removing arm_common_tables.o(.constdata), (896 bytes).
    Removing arm_common_tables.o(.constdata), (3600 bytes).
    Removing arm_common_tables.o(.constdata), (7616 bytes).
    Removing arm_common_tables.o(.constdata), (8064 bytes).
    Removing arm_common_tables.o(.constdata), (128 bytes).
    Removing arm_common_tables.o(.constdata), (256 bytes).
    Removing arm_common_tables.o(.constdata), (512 bytes).
    Removing arm_common_tables.o(.constdata), (1024 bytes).
    Removing arm_common_tables.o(.constdata), (2048 bytes).
    Removing arm_common_tables.o(.constdata), (4096 bytes).
    Removing arm_common_tables.o(.constdata), (8192 bytes).
    Removing arm_common_tables.o(.constdata), (16384 bytes).
    Removing arm_common_tables.o(.constdata), (2052 bytes).
    Removing arm_common_tables.o(.constdata), (1026 bytes).

90 unused section(s) (total 174830 bytes) removed from the image.

==============================================================================

Image Symbol Table

    Local Symbols

    Symbol Name                              Value     Ov Type        Size  Object(Section)

    ../clib/../cmprslib/zerorunl2.c          0x00000000   Number         0  __dczerorl2.o ABSOLUTE
    ../clib/microlib/init/entry.s            0x00000000   Number         0  entry5.o ABSOLUTE
    ../clib/microlib/init/entry.s            0x00000000   Number         0  entry2.o ABSOLUTE
    ../clib/microlib/init/entry.s            0x00000000   Number         0  entry7a.o ABSOLUTE
    ../clib/microlib/init/entry.s            0x00000000   Number         0  entry11a.o ABSOLUTE
    ../clib/microlib/init/entry.s            0x00000000   Number         0  entry.o ABSOLUTE
    ../clib/microlib/init/entry.s            0x00000000   Number         0  entry9b.o ABSOLUTE
    ../clib/microlib/init/entry.s            0x00000000   Number         0  entry11b.o ABSOLUTE
    ../clib/microlib/init/entry.s            0x00000000   Number         0  entry10b.o ABSOLUTE
    ../clib/microlib/init/entry.s            0x00000000   Number         0  entry8a.o ABSOLUTE
    ../clib/microlib/init/entry.s            0x00000000   Number         0  entry10a.o ABSOLUTE
    ../clib/microlib/init/entry.s            0x00000000   Number         0  entry9a.o ABSOLUTE
    ../clib/microlib/init/entry.s            0x00000000   Number         0  entry8b.o ABSOLUTE
    ../clib/microlib/init/entry.s            0x00000000   Number         0  entry7b.o ABSOLUTE
    ../clib/microlib/longlong.c              0x00000000   Number         0  llshl.o ABSOLUTE
    ../clib/microlib/longlong.c              0x00000000   Number         0  llushr.o ABSOLUTE
    ../clib/microlib/stubs.s                 0x00000000   Number         0  iusefp.o ABSOLUTE
    ../fplib/microlib/d2f.c                  0x00000000   Number         0  d2f.o ABSOLUTE
    ../fplib/microlib/fpdiv.c                0x00000000   Number         0  ddiv.o ABSOLUTE
    ../fplib/microlib/fpepilogue.c           0x00000000   Number         0  fepilogue.o ABSOLUTE
    ../fplib/microlib/fpepilogue.c           0x00000000   Number         0  depilogue.o ABSOLUTE
    ../fplib/microlib/fpflt.c                0x00000000   Number         0  dfltui.o ABSOLUTE
    ..\CommonTables\arm_common_tables.c      0x00000000   Number         0  arm_common_tables.o ABSOLUTE
    ..\FastMathFunctions\arm_sin_f32.c       0x00000000   Number         0  arm_sin_f32.o ABSOLUTE
    ..\\CommonTables\\arm_common_tables.c    0x00000000   Number         0  arm_common_tables.o ABSOLUTE
    ..\\FastMathFunctions\\arm_sin_f32.c     0x00000000   Number         0  arm_sin_f32.o ABSOLUTE
    C:\Keil_v5\ARM\PACK\Keil\STM32F4xx_DFP\1.0.8\Device\StdPeriph_Driver\src\misc.c 0x00000000   Number         0  misc.o ABSOLUTE
    C:\Keil_v5\ARM\PACK\Keil\STM32F4xx_DFP\1.0.8\Device\StdPeriph_Driver\src\stm32f4xx_exti.c 0x00000000   Number         0  stm32f4xx_exti.o ABSOLUTE
    C:\Keil_v5\ARM\PACK\Keil\STM32F4xx_DFP\1.0.8\Device\StdPeriph_Driver\src\stm32f4xx_gpio.c 0x00000000   Number         0  stm32f4xx_gpio.o ABSOLUTE
    C:\Keil_v5\ARM\PACK\Keil\STM32F4xx_DFP\1.0.8\Device\StdPeriph_Driver\src\stm32f4xx_i2c.c 0x00000000   Number         0  stm32f4xx_i2c.o ABSOLUTE
    C:\Keil_v5\ARM\PACK\Keil\STM32F4xx_DFP\1.0.8\Device\StdPeriph_Driver\src\stm32f4xx_rcc.c 0x00000000   Number         0  stm32f4xx_rcc.o ABSOLUTE
    C:\Keil_v5\ARM\PACK\Keil\STM32F4xx_DFP\1.0.8\Device\StdPeriph_Driver\src\stm32f4xx_spi.c 0x00000000   Number         0  stm32f4xx_spi.o ABSOLUTE
    C:\Keil_v5\ARM\PACK\Keil\STM32F4xx_DFP\1.0.8\Device\StdPeriph_Driver\src\stm32f4xx_syscfg.c 0x00000000   Number         0  stm32f4xx_syscfg.o ABSOLUTE
    C:\\Keil_v5\\ARM\\PACK\\Keil\\STM32F4xx_DFP\\1.0.8\\Device\\StdPeriph_Driver\\src\\misc.c 0x00000000   Number         0  misc.o ABSOLUTE
    C:\\Keil_v5\\ARM\\PACK\\Keil\\STM32F4xx_DFP\\1.0.8\\Device\\StdPeriph_Driver\\src\\stm32f4xx_exti.c 0x00000000   Number         0  stm32f4xx_exti.o ABSOLUTE
    C:\\Keil_v5\\ARM\\PACK\\Keil\\STM32F4xx_DFP\\1.0.8\\Device\\StdPeriph_Driver\\src\\stm32f4xx_gpio.c 0x00000000   Number         0  stm32f4xx_gpio.o ABSOLUTE
    C:\\Keil_v5\\ARM\\PACK\\Keil\\STM32F4xx_DFP\\1.0.8\\Device\\StdPeriph_Driver\\src\\stm32f4xx_i2c.c 0x00000000   Number         0  stm32f4xx_i2c.o ABSOLUTE
    C:\\Keil_v5\\ARM\\PACK\\Keil\\STM32F4xx_DFP\\1.0.8\\Device\\StdPeriph_Driver\\src\\stm32f4xx_rcc.c 0x00000000   Number         0  stm32f4xx_rcc.o ABSOLUTE
    C:\\Keil_v5\\ARM\\PACK\\Keil\\STM32F4xx_DFP\\1.0.8\\Device\\StdPeriph_Driver\\src\\stm32f4xx_spi.c 0x00000000   Number         0  stm32f4xx_spi.o ABSOLUTE
    C:\\Keil_v5\\ARM\\PACK\\Keil\\STM32F4xx_DFP\\1.0.8\\Device\\StdPeriph_Driver\\src\\stm32f4xx_syscfg.c 0x00000000   Number         0  stm32f4xx_syscfg.o ABSOLUTE
    RTE\Device\STM32F407VG\startup_stm32f40_41xxx.s 0x00000000   Number         0  startup_stm32f40_41xxx.o ABSOLUTE
    RTE\Device\STM32F407VG\system_stm32f4xx.c 0x00000000   Number         0  system_stm32f4xx.o ABSOLUTE
    RTE\\Device\\STM32F407VG\\system_stm32f4xx.c 0x00000000   Number         0  system_stm32f4xx.o ABSOLUTE
    codec.c                                  0x00000000   Number         0  codec.o ABSOLUTE
    codec.c                                  0x00000000   Number         0  codec.o ABSOLUTE
    dc.s                                     0x00000000   Number         0  dc.o ABSOLUTE
    fputc_def.c                              0x00000000   Number         0  fputc_def.o ABSOLUTE
    fputc_def.c                              0x00000000   Number         0  fputc_def.o ABSOLUTE
    handlers.s                               0x00000000   Number         0  handlers.o ABSOLUTE
    init.s                                   0x00000000   Number         0  init.o ABSOLUTE
    main.c                                   0x00000000   Number         0  main.o ABSOLUTE
    main.c                                   0x00000000   Number         0  main.o ABSOLUTE
    serial_port_usb.c                        0x00000000   Number         0  serial_port_usb.o ABSOLUTE
    serial_port_usb.c                        0x00000000   Number         0  serial_port_usb.o ABSOLUTE
    speaker.c                                0x00000000   Number         0  speaker.o ABSOLUTE
    speaker.c                                0x00000000   Number         0  speaker.o ABSOLUTE
    usb_cdc_device\\tm_stm32f4_usb_vcp.c     0x00000000   Number         0  tm_stm32f4_usb_vcp.o ABSOLUTE
    usb_cdc_device\\usb_bsp.c                0x00000000   Number         0  usb_bsp.o ABSOLUTE
    usb_cdc_device\\usb_core.c               0x00000000   Number         0  usb_core.o ABSOLUTE
    usb_cdc_device\\usb_dcd.c                0x00000000   Number         0  usb_dcd.o ABSOLUTE
    usb_cdc_device\\usb_dcd_int.c            0x00000000   Number         0  usb_dcd_int.o ABSOLUTE
    usb_cdc_device\\usbd_cdc_core.c          0x00000000   Number         0  usbd_cdc_core.o ABSOLUTE
    usb_cdc_device\\usbd_cdc_vcp.c           0x00000000   Number         0  usbd_cdc_vcp.o ABSOLUTE
    usb_cdc_device\\usbd_core.c              0x00000000   Number         0  usbd_core.o ABSOLUTE
    usb_cdc_device\\usbd_desc.c              0x00000000   Number         0  usbd_desc.o ABSOLUTE
    usb_cdc_device\\usbd_ioreq.c             0x00000000   Number         0  usbd_ioreq.o ABSOLUTE
    usb_cdc_device\\usbd_req.c               0x00000000   Number         0  usbd_req.o ABSOLUTE
    usb_cdc_device\\usbd_usr.c               0x00000000   Number         0  usbd_usr.o ABSOLUTE
    usb_cdc_device\tm_stm32f4_usb_vcp.c      0x00000000   Number         0  tm_stm32f4_usb_vcp.o ABSOLUTE
    usb_cdc_device\usb_bsp.c                 0x00000000   Number         0  usb_bsp.o ABSOLUTE
    usb_cdc_device\usb_core.c                0x00000000   Number         0  usb_core.o ABSOLUTE
    usb_cdc_device\usb_dcd.c                 0x00000000   Number         0  usb_dcd.o ABSOLUTE
    usb_cdc_device\usb_dcd_int.c             0x00000000   Number         0  usb_dcd_int.o ABSOLUTE
    usb_cdc_device\usbd_cdc_core.c           0x00000000   Number         0  usbd_cdc_core.o ABSOLUTE
    usb_cdc_device\usbd_cdc_vcp.c            0x00000000   Number         0  usbd_cdc_vcp.o ABSOLUTE
    usb_cdc_device\usbd_core.c               0x00000000   Number         0  usbd_core.o ABSOLUTE
    usb_cdc_device\usbd_desc.c               0x00000000   Number         0  usbd_desc.o ABSOLUTE
    usb_cdc_device\usbd_ioreq.c              0x00000000   Number         0  usbd_ioreq.o ABSOLUTE
    usb_cdc_device\usbd_req.c                0x00000000   Number         0  usbd_req.o ABSOLUTE
    usb_cdc_device\usbd_usr.c                0x00000000   Number         0  usbd_usr.o ABSOLUTE
    RESET                                    0x08000000   Section      392  startup_stm32f40_41xxx.o(RESET)
    .ARM.Collect$$$$00000000                 0x08000188   Section        0  entry.o(.ARM.Collect$$$$00000000)
    .ARM.Collect$$$$00000001                 0x08000188   Section        4  entry2.o(.ARM.Collect$$$$00000001)
    .ARM.Collect$$$$00000004                 0x0800018c   Section        4  entry5.o(.ARM.Collect$$$$00000004)
    .ARM.Collect$$$$00000008                 0x08000190   Section        0  entry7b.o(.ARM.Collect$$$$00000008)
    .ARM.Collect$$$$0000000A                 0x08000190   Section        0  entry8b.o(.ARM.Collect$$$$0000000A)
    .ARM.Collect$$$$0000000B                 0x08000190   Section        8  entry9a.o(.ARM.Collect$$$$0000000B)
    .ARM.Collect$$$$0000000D                 0x08000198   Section        0  entry10a.o(.ARM.Collect$$$$0000000D)
    .ARM.Collect$$$$0000000F                 0x08000198   Section        0  entry11a.o(.ARM.Collect$$$$0000000F)
    .ARM.Collect$$$$00002712                 0x08000198   Section        4  entry2.o(.ARM.Collect$$$$00002712)
    __lit__00000000                          0x08000198   Data           4  entry2.o(.ARM.Collect$$$$00002712)
    .text                                    0x0800019c   Section        0  main.o(.text)
    .text                                    0x080006a8   Section        0  serial_port_usb.o(.text)
    .text                                    0x080006e4   Section        0  speaker.o(.text)
    .text                                    0x08000730   Section        0  codec.o(.text)
    .text                                    0x08000b4c   Section        0  tm_stm32f4_usb_vcp.o(.text)
    .text                                    0x08000cbc   Section        0  usb_bsp.o(.text)
    .text                                    0x08000ddc   Section        0  usb_core.o(.text)
    USB_OTG_EnableCommonInt                  0x08000ddd   Thumb Code    52  usb_core.o(.text)
    USB_OTG_CoreReset                        0x08000e11   Thumb Code   108  usb_core.o(.text)
    .text                                    0x08001db6   Section        0  usb_dcd.o(.text)
    .text                                    0x08002134   Section        0  usb_dcd_int.o(.text)
    DCD_IsoOUTIncomplete_ISR                 0x08002135   Thumb Code    40  usb_dcd_int.o(.text)
    DCD_IsoINIncomplete_ISR                  0x0800215d   Thumb Code    40  usb_dcd_int.o(.text)
    DCD_HandleEnumDone_ISR                   0x08002185   Thumb Code   102  usb_dcd_int.o(.text)
    DCD_HandleUsbReset_ISR                   0x080021eb   Thumb Code   254  usb_dcd_int.o(.text)
    DCD_HandleRxStatusQueueLevel_ISR         0x080022e9   Thumb Code   176  usb_dcd_int.o(.text)
    DCD_HandleSof_ISR                        0x08002399   Thumb Code    38  usb_dcd_int.o(.text)
    DCD_HandleUSBSuspend_ISR                 0x080023bf   Thumb Code   158  usb_dcd_int.o(.text)
    DCD_HandleResume_ISR                     0x0800245d   Thumb Code   100  usb_dcd_int.o(.text)
    DCD_WriteEmptyTxFifo                     0x080024c1   Thumb Code   154  usb_dcd_int.o(.text)
    DCD_ReadDevInEP                          0x0800255b   Thumb Code    40  usb_dcd_int.o(.text)
    DCD_HandleInEP_ISR                       0x08002583   Thumb Code   320  usb_dcd_int.o(.text)
    DCD_HandleOutEP_ISR                      0x080026c3   Thumb Code   252  usb_dcd_int.o(.text)
    .text                                    0x080028a4   Section        0  usbd_cdc_core.o(.text)
    usbd_cdc_Init                            0x080028a5   Thumb Code    74  usbd_cdc_core.o(.text)
    usbd_cdc_DeInit                          0x080028ef   Thumb Code    40  usbd_cdc_core.o(.text)
    usbd_cdc_Setup                           0x08002917   Thumb Code   212  usbd_cdc_core.o(.text)
    usbd_cdc_EP0_RxReady                     0x080029eb   Thumb Code    38  usbd_cdc_core.o(.text)
    usbd_cdc_DataIn                          0x08002a11   Thumb Code   120  usbd_cdc_core.o(.text)
    usbd_cdc_DataOut                         0x08002a89   Thumb Code    48  usbd_cdc_core.o(.text)
    Handle_USBAsynchXfer                     0x08002ab9   Thumb Code   182  usbd_cdc_core.o(.text)
    usbd_cdc_SOF                             0x08002b6f   Thumb Code    36  usbd_cdc_core.o(.text)
    USBD_cdc_GetCfgDesc                      0x08002b93   Thumb Code    12  usbd_cdc_core.o(.text)
    .text                                    0x08002bd8   Section        0  usbd_cdc_vcp.o(.text)
    VCP_Init                                 0x08002bd9   Thumb Code     4  usbd_cdc_vcp.o(.text)
    VCP_DeInit                               0x08002bdd   Thumb Code     4  usbd_cdc_vcp.o(.text)
    VCP_Ctrl                                 0x08002be1   Thumb Code   154  usbd_cdc_vcp.o(.text)
    .text                                    0x08002cd8   Section        0  usbd_core.o(.text)
    USBD_SetupStage                          0x08002d21   Thumb Code    84  usbd_core.o(.text)
    USBD_DataOutStage                        0x08002d75   Thumb Code   150  usbd_core.o(.text)
    USBD_RunTestMode                         0x08002e0b   Thumb Code    14  usbd_core.o(.text)
    USBD_DataInStage                         0x08002e19   Thumb Code   208  usbd_core.o(.text)
    USBD_Reset                               0x08002ee9   Thumb Code    50  usbd_core.o(.text)
    USBD_Resume                              0x08002f1b   Thumb Code    30  usbd_core.o(.text)
    USBD_Suspend                             0x08002f39   Thumb Code    32  usbd_core.o(.text)
    USBD_SOF                                 0x08002f59   Thumb Code    26  usbd_core.o(.text)
    USBD_IsoINIncomplete                     0x08002fa7   Thumb Code    18  usbd_core.o(.text)
    USBD_IsoOUTIncomplete                    0x08002fb9   Thumb Code    18  usbd_core.o(.text)
    .text                                    0x08002fd0   Section        0  usbd_desc.o(.text)
    .text                                    0x080030b8   Section        0  usbd_ioreq.o(.text)
    .text                                    0x080031ac   Section        0  usbd_req.o(.text)
    USBD_ClrFeature                          0x080031cb   Thumb Code    72  usbd_req.o(.text)
    USBD_SetFeature                          0x08003213   Thumb Code   160  usbd_req.o(.text)
    USBD_GetStatus                           0x080032b3   Thumb Code    74  usbd_req.o(.text)
    USBD_GetConfig                           0x080032fd   Thumb Code    78  usbd_req.o(.text)
    USBD_SetConfig                           0x0800334b   Thumb Code   204  usbd_req.o(.text)
    USBD_SetAddress                          0x08003417   Thumb Code    92  usbd_req.o(.text)
    USBD_GetDescriptor                       0x08003473   Thumb Code   290  usbd_req.o(.text)
    USBD_GetLen                              0x08003803   Thumb Code    20  usbd_req.o(.text)
    .text                                    0x0800386c   Section        0  usbd_usr.o(.text)
    .text                                    0x080038b0   Section        0  system_stm32f4xx.o(.text)
    SetSysClock                              0x080038b1   Thumb Code   220  system_stm32f4xx.o(.text)
    .text                                    0x08003ac0   Section       36  startup_stm32f40_41xxx.o(.text)
    $v0                                      0x08003ac0   Number         0  startup_stm32f40_41xxx.o(.text)
    .text                                    0x08003ae4   Section        0  misc.o(.text)
    .text                                    0x08003bc4   Section        0  stm32f4xx_exti.o(.text)
    .text                                    0x08003cd4   Section        0  stm32f4xx_gpio.o(.text)
    .text                                    0x08003f68   Section        0  stm32f4xx_rcc.o(.text)
    .text                                    0x0800459c   Section        0  stm32f4xx_spi.o(.text)
    .text                                    0x080049ec   Section        0  stm32f4xx_i2c.o(.text)
    .text                                    0x08004e44   Section        0  arm_sin_f32.o(.text)
    .text                                    0x08004eb8   Section        0  ddiv.o(.text)
    .text                                    0x08004f96   Section        0  dfltui.o(.text)
    .text                                    0x08004fb0   Section        0  d2f.o(.text)
    .text                                    0x08004fe8   Section        0  fepilogue.o(.text)
    .text                                    0x08004fe8   Section        0  iusefp.o(.text)
    .text                                    0x08005056   Section        0  depilogue.o(.text)
    .text                                    0x0800510c   Section       36  init.o(.text)
    .text                                    0x08005130   Section        0  llshl.o(.text)
    .text                                    0x0800514e   Section        0  llushr.o(.text)
    .text                                    0x0800516e   Section        0  __dczerorl2.o(.text)
    i.__scatterload_copy                     0x080051c4   Section       14  handlers.o(i.__scatterload_copy)
    i.__scatterload_null                     0x080051d2   Section        2  handlers.o(i.__scatterload_null)
    i.__scatterload_zeroinit                 0x080051d4   Section       14  handlers.o(i.__scatterload_zeroinit)
    .constdata                               0x080051e4   Section     2052  arm_common_tables.o(.constdata)
    .data                                    0x20000000   Section        4  main.o(.data)
    .data                                    0x20000004   Section       13  tm_stm32f4_usb_vcp.o(.data)
    .data                                    0x20000014   Section      152  usbd_cdc_core.o(.data)
    usbd_cdc_AltSet                          0x20000014   Data           4  usbd_cdc_core.o(.data)
    cdcCmd                                   0x20000030   Data           4  usbd_cdc_core.o(.data)
    cdcLen                                   0x20000034   Data           4  usbd_cdc_core.o(.data)
    FrameCount                               0x200000a8   Data           4  usbd_cdc_core.o(.data)
    .data                                    0x200000ac   Section       28  usbd_cdc_vcp.o(.data)
    .data                                    0x200000c8   Section       52  usbd_core.o(.data)
    .data                                    0x200000fc   Section       60  usbd_desc.o(.data)
    .data                                    0x20000138   Section       13  usbd_req.o(.data)
    cfgidx                                   0x20000144   Data           1  usbd_req.o(.data)
    .data                                    0x20000148   Section       32  usbd_usr.o(.data)
    .data                                    0x20000168   Section       20  system_stm32f4xx.o(.data)
    .data                                    0x2000017c   Section       16  stm32f4xx_rcc.o(.data)
    APBAHBPrescTable                         0x2000017c   Data          16  stm32f4xx_rcc.o(.data)
    .bss                                     0x2000018c   Section     1652  tm_stm32f4_usb_vcp.o(.bss)
    .bss                                     0x20000800   Section     2179  usbd_cdc_core.o(.bss)
    .bss                                     0x20001083   Section      255  usbd_req.o(.bss)
    STACK                                    0x20001188   Section    16384  startup_stm32f40_41xxx.o(STACK)

    Global Symbols

    Symbol Name                              Value     Ov Type        Size  Object(Section)

    BuildAttributes$$THM_ISAv4$E$P$D$K$B$S$7EM$VFPi3$EXTD16$VFPS$VFMA$PE$A:L22UL41UL21$X:L11$S22US41US21$IEEE1$IW$USESV6$~STKCKD$USESV7$~SHL$OTIME$ROPI$IEEEX$EBA8$MICROLIB$REQ8$PRES8$EABIv2 0x00000000   Number         0  anon$$obj.o ABSOLUTE
    __ARM_use_no_argv                        0x00000000   Number         0  main.o ABSOLUTE
    __cpp_initialize__aeabi_                  - Undefined Weak Reference
    __cxa_finalize                            - Undefined Weak Reference
    _clock_init                               - Undefined Weak Reference
    _microlib_exit                            - Undefined Weak Reference
    __Vectors_Size                           0x00000188   Number         0  startup_stm32f40_41xxx.o ABSOLUTE
    __Vectors                                0x08000000   Data           4  startup_stm32f40_41xxx.o(RESET)
    __Vectors_End                            0x08000188   Data           0  startup_stm32f40_41xxx.o(RESET)
    __main                                   0x08000189   Thumb Code     0  entry.o(.ARM.Collect$$$$00000000)
    _main_stk                                0x08000189   Thumb Code     0  entry2.o(.ARM.Collect$$$$00000001)
    _main_scatterload                        0x0800018d   Thumb Code     0  entry5.o(.ARM.Collect$$$$00000004)
    __main_after_scatterload                 0x08000191   Thumb Code     0  entry5.o(.ARM.Collect$$$$00000004)
    _main_clock                              0x08000191   Thumb Code     0  entry7b.o(.ARM.Collect$$$$00000008)
    _main_cpp_init                           0x08000191   Thumb Code     0  entry8b.o(.ARM.Collect$$$$0000000A)
    _main_init                               0x08000191   Thumb Code     0  entry9a.o(.ARM.Collect$$$$0000000B)
    __rt_final_cpp                           0x08000199   Thumb Code     0  entry10a.o(.ARM.Collect$$$$0000000D)
    __rt_final_exit                          0x08000199   Thumb Code     0  entry11a.o(.ARM.Collect$$$$0000000F)
    SysTick_Handler                          0x0800019d   Thumb Code    12  main.o(.text)
    InitSystick                              0x080001a9   Thumb Code    94  main.o(.text)
    main                                     0x08000207   Thumb Code  1172  main.o(.text)
    init_serial_port_usb                     0x080006a9   Thumb Code     8  serial_port_usb.o(.text)
    is_serial_port_usb_connected             0x080006b1   Thumb Code    18  serial_port_usb.o(.text)
    read_serial_usb_byte                     0x080006c3   Thumb Code    22  serial_port_usb.o(.text)
    write_serial_usb_byte                    0x080006d9   Thumb Code    12  serial_port_usb.o(.text)
    init_speaker                             0x080006e5   Thumb Code    28  speaker.o(.text)
    send_to_speaker                          0x08000701   Thumb Code    42  speaker.o(.text)
    codec_init                               0x08000731   Thumb Code   324  codec.o(.text)
    send_codec_ctrl                          0x08000875   Thumb Code   130  codec.o(.text)
    read_codec_register                      0x080008f7   Thumb Code   206  codec.o(.text)
    codec_ctrl_init                          0x080009c5   Thumb Code   346  codec.o(.text)
    TM_USB_VCP_Init                          0x08000b4d   Thumb Code    42  tm_stm32f4_usb_vcp.o(.text)
    TM_USB_VCP_Getc                          0x08000b77   Thumb Code    74  tm_stm32f4_usb_vcp.o(.text)
    TM_USB_VCP_Gets                          0x08000bc1   Thumb Code    92  tm_stm32f4_usb_vcp.o(.text)
    TM_USB_VCP_Putc                          0x08000c1d   Thumb Code    22  tm_stm32f4_usb_vcp.o(.text)
    TM_USB_VCP_Puts                          0x08000c33   Thumb Code    22  tm_stm32f4_usb_vcp.o(.text)
    TM_INT_USB_VCP_AddReceived               0x08000c49   Thumb Code    60  tm_stm32f4_usb_vcp.o(.text)
    TM_USB_VCP_GetStatus                     0x08000c85   Thumb Code    16  tm_stm32f4_usb_vcp.o(.text)
    USB_OTG_BSP_Init                         0x08000cbd   Thumb Code   164  usb_bsp.o(.text)
    USB_OTG_BSP_EnableInterrupt              0x08000d61   Thumb Code    44  usb_bsp.o(.text)
    USB_OTG_BSP_uDelay                       0x08000d8d   Thumb Code    30  usb_bsp.o(.text)
    USB_OTG_BSP_mDelay                       0x08000dab   Thumb Code    18  usb_bsp.o(.text)
    OTG_FS_WKUP_IRQHandler                   0x08000dbd   Thumb Code    12  usb_bsp.o(.text)
    OTG_FS_IRQHandler                        0x08000dc9   Thumb Code    10  usb_bsp.o(.text)
    USB_OTG_WritePacket                      0x08000e7d   Thumb Code    64  usb_core.o(.text)
    USB_OTG_ReadPacket                       0x08000ebd   Thumb Code    40  usb_core.o(.text)
    USB_OTG_SelectCore                       0x08000ee5   Thumb Code   204  usb_core.o(.text)
    USB_OTG_CoreInit                         0x08000fb1   Thumb Code   294  usb_core.o(.text)
    USB_OTG_EnableGlobalInt                  0x080010d7   Thumb Code    34  usb_core.o(.text)
    USB_OTG_DisableGlobalInt                 0x080010f9   Thumb Code    34  usb_core.o(.text)
    USB_OTG_FlushTxFifo                      0x0800111b   Thumb Code    80  usb_core.o(.text)
    USB_OTG_FlushRxFifo                      0x0800116b   Thumb Code    70  usb_core.o(.text)
    USB_OTG_SetCurrentMode                   0x080011b1   Thumb Code    78  usb_core.o(.text)
    USB_OTG_GetMode                          0x080011ff   Thumb Code    22  usb_core.o(.text)
    USB_OTG_IsDeviceMode                     0x08001215   Thumb Code    22  usb_core.o(.text)
    USB_OTG_IsHostMode                       0x0800122b   Thumb Code    20  usb_core.o(.text)
    USB_OTG_ReadCoreItr                      0x0800123f   Thumb Code    16  usb_core.o(.text)
    USB_OTG_ReadOtgItr                       0x0800124f   Thumb Code     8  usb_core.o(.text)
    USB_OTG_InitDevSpeed                     0x08001257   Thumb Code    24  usb_core.o(.text)
    USB_OTG_EnableDevInt                     0x0800126f   Thumb Code   154  usb_core.o(.text)
    USB_OTG_CoreInitDev                      0x08001309   Thumb Code   526  usb_core.o(.text)
    USB_OTG_GetDeviceSpeed                   0x08001517   Thumb Code    52  usb_core.o(.text)
    USB_OTG_EP0Activate                      0x0800154b   Thumb Code   106  usb_core.o(.text)
    USB_OTG_EPActivate                       0x080015b5   Thumb Code   152  usb_core.o(.text)
    USB_OTG_EPDeactivate                     0x0800164d   Thumb Code    94  usb_core.o(.text)
    USB_OTG_EPStartXfer                      0x080016ab   Thumb Code   502  usb_core.o(.text)
    USB_OTG_EP0StartXfer                     0x080018a1   Thumb Code   342  usb_core.o(.text)
    USB_OTG_EPSetStall                       0x080019f7   Thumb Code   100  usb_core.o(.text)
    USB_OTG_EPClearStall                     0x08001a5b   Thumb Code    80  usb_core.o(.text)
    USB_OTG_ReadDevAllOutEp_itr              0x08001aab   Thumb Code    16  usb_core.o(.text)
    USB_OTG_ReadDevOutEP_itr                 0x08001abb   Thumb Code    20  usb_core.o(.text)
    USB_OTG_ReadDevAllInEPItr                0x08001acf   Thumb Code    16  usb_core.o(.text)
    USB_OTG_EP0_OutStart                     0x08001adf   Thumb Code    98  usb_core.o(.text)
    USB_OTG_ActiveRemoteWakeup               0x08001b41   Thumb Code   106  usb_core.o(.text)
    USB_OTG_UngateClock                      0x08001bab   Thumb Code    54  usb_core.o(.text)
    USB_OTG_StopDevice                       0x08001be1   Thumb Code    82  usb_core.o(.text)
    USB_OTG_GetEPStatus                      0x08001c33   Thumb Code   106  usb_core.o(.text)
    USB_OTG_SetEPStatus                      0x08001c9d   Thumb Code   282  usb_core.o(.text)
    DCD_Init                                 0x08001db7   Thumb Code   156  usb_dcd.o(.text)
    DCD_EP_Open                              0x08001e53   Thumb Code   104  usb_dcd.o(.text)
    DCD_EP_Close                             0x08001ebb   Thumb Code    74  usb_dcd.o(.text)
    DCD_EP_PrepareRx                         0x08001f05   Thumb Code    82  usb_dcd.o(.text)
    DCD_EP_Tx                                0x08001f57   Thumb Code    78  usb_dcd.o(.text)
    DCD_EP_Stall                             0x08001fa5   Thumb Code    72  usb_dcd.o(.text)
    DCD_EP_ClrStall                          0x08001fed   Thumb Code    72  usb_dcd.o(.text)
    DCD_EP_Flush                             0x08002035   Thumb Code    36  usb_dcd.o(.text)
    DCD_EP_SetAddress                        0x08002059   Thumb Code    28  usb_dcd.o(.text)
    DCD_DevConnect                           0x08002075   Thumb Code    32  usb_dcd.o(.text)
    DCD_DevDisconnect                        0x08002095   Thumb Code    34  usb_dcd.o(.text)
    DCD_GetEPStatus                          0x080020b7   Thumb Code    64  usb_dcd.o(.text)
    DCD_SetEPStatus                          0x080020f7   Thumb Code    62  usb_dcd.o(.text)
    USBD_OTG_ISR_Handler                     0x080027bf   Thumb Code   224  usb_dcd_int.o(.text)
    VCP_DataTx                               0x08002c7b   Thumb Code    54  usbd_cdc_vcp.o(.text)
    VCP_DataRx                               0x08002cb1   Thumb Code    26  usbd_cdc_vcp.o(.text)
    USBD_DeInit                              0x08002cd9   Thumb Code     6  usbd_core.o(.text)
    USBD_Init                                0x08002cdf   Thumb Code    66  usbd_core.o(.text)
    USBD_SetCfg                              0x08002f73   Thumb Code    30  usbd_core.o(.text)
    USBD_ClrCfg                              0x08002f91   Thumb Code    22  usbd_core.o(.text)
    USBD_USR_DeviceDescriptor                0x08002fd1   Thumb Code    10  usbd_desc.o(.text)
    USBD_USR_LangIDStrDescriptor             0x08002fdb   Thumb Code    10  usbd_desc.o(.text)
    USBD_USR_ProductStrDescriptor            0x08002fe5   Thumb Code    20  usbd_desc.o(.text)
    USBD_USR_ManufacturerStrDescriptor       0x08002ff9   Thumb Code    20  usbd_desc.o(.text)
    USBD_USR_SerialStrDescriptor             0x0800300d   Thumb Code    20  usbd_desc.o(.text)
    USBD_USR_ConfigStrDescriptor             0x08003021   Thumb Code    20  usbd_desc.o(.text)
    USBD_USR_InterfaceStrDescriptor          0x08003035   Thumb Code    20  usbd_desc.o(.text)
    USBD_CtlSendData                         0x080030b9   Thumb Code    46  usbd_ioreq.o(.text)
    USBD_CtlContinueSendData                 0x080030e7   Thumb Code    30  usbd_ioreq.o(.text)
    USBD_CtlPrepareRx                        0x08003105   Thumb Code    46  usbd_ioreq.o(.text)
    USBD_CtlContinueRx                       0x08003133   Thumb Code    30  usbd_ioreq.o(.text)
    USBD_CtlSendStatus                       0x08003151   Thumb Code    36  usbd_ioreq.o(.text)
    USBD_CtlReceiveStatus                    0x08003175   Thumb Code    36  usbd_ioreq.o(.text)
    USBD_GetRxCount                          0x08003199   Thumb Code    20  usbd_ioreq.o(.text)
    USBD_CtlError                            0x080031ad   Thumb Code    30  usbd_req.o(.text)
    USBD_StdDevReq                           0x08003595   Thumb Code   114  usbd_req.o(.text)
    USBD_StdItfReq                           0x08003607   Thumb Code    76  usbd_req.o(.text)
    USBD_StdEPReq                            0x08003653   Thumb Code   360  usbd_req.o(.text)
    USBD_ParseSetupRequest                   0x080037bb   Thumb Code    72  usbd_req.o(.text)
    USBD_GetString                           0x08003817   Thumb Code    82  usbd_req.o(.text)
    USBD_USR_Init                            0x0800386d   Thumb Code     8  usbd_usr.o(.text)
    USBD_USR_DeviceReset                     0x08003875   Thumb Code     8  usbd_usr.o(.text)
    USBD_USR_DeviceConfigured                0x0800387d   Thumb Code     8  usbd_usr.o(.text)
    USBD_USR_DeviceSuspended                 0x08003885   Thumb Code     8  usbd_usr.o(.text)
    USBD_USR_DeviceResumed                   0x0800388d   Thumb Code     8  usbd_usr.o(.text)
    USBD_USR_DeviceConnected                 0x08003895   Thumb Code     8  usbd_usr.o(.text)
    USBD_USR_DeviceDisconnected              0x0800389d   Thumb Code     8  usbd_usr.o(.text)
    USBD_User_GetStatus                      0x080038a5   Thumb Code     6  usbd_usr.o(.text)
    SystemInit                               0x0800398d   Thumb Code    88  system_stm32f4xx.o(.text)
    SystemCoreClockUpdate                    0x080039e5   Thumb Code   174  system_stm32f4xx.o(.text)
    Reset_Handler                            0x08003ac1   Thumb Code     8  startup_stm32f40_41xxx.o(.text)
    NMI_Handler                              0x08003ac9   Thumb Code     2  startup_stm32f40_41xxx.o(.text)
    HardFault_Handler                        0x08003acb   Thumb Code     2  startup_stm32f40_41xxx.o(.text)
    MemManage_Handler                        0x08003acd   Thumb Code     2  startup_stm32f40_41xxx.o(.text)
    BusFault_Handler                         0x08003acf   Thumb Code     2  startup_stm32f40_41xxx.o(.text)
    UsageFault_Handler                       0x08003ad1   Thumb Code     2  startup_stm32f40_41xxx.o(.text)
    SVC_Handler                              0x08003ad3   Thumb Code     2  startup_stm32f40_41xxx.o(.text)
    DebugMon_Handler                         0x08003ad5   Thumb Code     2  startup_stm32f40_41xxx.o(.text)
    PendSV_Handler                           0x08003ad7   Thumb Code     2  startup_stm32f40_41xxx.o(.text)
    ADC_IRQHandler                           0x08003adb   Thumb Code     0  startup_stm32f40_41xxx.o(.text)
    CAN1_RX0_IRQHandler                      0x08003adb   Thumb Code     0  startup_stm32f40_41xxx.o(.text)
    CAN1_RX1_IRQHandler                      0x08003adb   Thumb Code     0  startup_stm32f40_41xxx.o(.text)
    CAN1_SCE_IRQHandler                      0x08003adb   Thumb Code     0  startup_stm32f40_41xxx.o(.text)
    CAN1_TX_IRQHandler                       0x08003adb   Thumb Code     0  startup_stm32f40_41xxx.o(.text)
    CAN2_RX0_IRQHandler                      0x08003adb   Thumb Code     0  startup_stm32f40_41xxx.o(.text)
    CAN2_RX1_IRQHandler                      0x08003adb   Thumb Code     0  startup_stm32f40_41xxx.o(.text)
    CAN2_SCE_IRQHandler                      0x08003adb   Thumb Code     0  startup_stm32f40_41xxx.o(.text)
    CAN2_TX_IRQHandler                       0x08003adb   Thumb Code     0  startup_stm32f40_41xxx.o(.text)
    CRYP_IRQHandler                          0x08003adb   Thumb Code     0  startup_stm32f40_41xxx.o(.text)
    DCMI_IRQHandler                          0x08003adb   Thumb Code     0  startup_stm32f40_41xxx.o(.text)
    DMA1_Stream0_IRQHandler                  0x08003adb   Thumb Code     0  startup_stm32f40_41xxx.o(.text)
    DMA1_Stream1_IRQHandler                  0x08003adb   Thumb Code     0  startup_stm32f40_41xxx.o(.text)
    DMA1_Stream2_IRQHandler                  0x08003adb   Thumb Code     0  startup_stm32f40_41xxx.o(.text)
    DMA1_Stream3_IRQHandler                  0x08003adb   Thumb Code     0  startup_stm32f40_41xxx.o(.text)
    DMA1_Stream4_IRQHandler                  0x08003adb   Thumb Code     0  startup_stm32f40_41xxx.o(.text)
    DMA1_Stream5_IRQHandler                  0x08003adb   Thumb Code     0  startup_stm32f40_41xxx.o(.text)
    DMA1_Stream6_IRQHandler                  0x08003adb   Thumb Code     0  startup_stm32f40_41xxx.o(.text)
    DMA1_Stream7_IRQHandler                  0x08003adb   Thumb Code     0  startup_stm32f40_41xxx.o(.text)
    DMA2_Stream0_IRQHandler                  0x08003adb   Thumb Code     0  startup_stm32f40_41xxx.o(.text)
    DMA2_Stream1_IRQHandler                  0x08003adb   Thumb Code     0  startup_stm32f40_41xxx.o(.text)
    DMA2_Stream2_IRQHandler                  0x08003adb   Thumb Code     0  startup_stm32f40_41xxx.o(.text)
    DMA2_Stream3_IRQHandler                  0x08003adb   Thumb Code     0  startup_stm32f40_41xxx.o(.text)
    DMA2_Stream4_IRQHandler                  0x08003adb   Thumb Code     0  startup_stm32f40_41xxx.o(.text)
    DMA2_Stream5_IRQHandler                  0x08003adb   Thumb Code     0  startup_stm32f40_41xxx.o(.text)
    DMA2_Stream6_IRQHandler                  0x08003adb   Thumb Code     0  startup_stm32f40_41xxx.o(.text)
    DMA2_Stream7_IRQHandler                  0x08003adb   Thumb Code     0  startup_stm32f40_41xxx.o(.text)
    ETH_IRQHandler                           0x08003adb   Thumb Code     0  startup_stm32f40_41xxx.o(.text)
    ETH_WKUP_IRQHandler                      0x08003adb   Thumb Code     0  startup_stm32f40_41xxx.o(.text)
    EXTI0_IRQHandler                         0x08003adb   Thumb Code     0  startup_stm32f40_41xxx.o(.text)
    EXTI15_10_IRQHandler                     0x08003adb   Thumb Code     0  startup_stm32f40_41xxx.o(.text)
    EXTI1_IRQHandler                         0x08003adb   Thumb Code     0  startup_stm32f40_41xxx.o(.text)
    EXTI2_IRQHandler                         0x08003adb   Thumb Code     0  startup_stm32f40_41xxx.o(.text)
    EXTI3_IRQHandler                         0x08003adb   Thumb Code     0  startup_stm32f40_41xxx.o(.text)
    EXTI4_IRQHandler                         0x08003adb   Thumb Code     0  startup_stm32f40_41xxx.o(.text)
    EXTI9_5_IRQHandler                       0x08003adb   Thumb Code     0  startup_stm32f40_41xxx.o(.text)
    FLASH_IRQHandler                         0x08003adb   Thumb Code     0  startup_stm32f40_41xxx.o(.text)
    FPU_IRQHandler                           0x08003adb   Thumb Code     0  startup_stm32f40_41xxx.o(.text)
    FSMC_IRQHandler                          0x08003adb   Thumb Code     0  startup_stm32f40_41xxx.o(.text)
    HASH_RNG_IRQHandler                      0x08003adb   Thumb Code     0  startup_stm32f40_41xxx.o(.text)
    I2C1_ER_IRQHandler                       0x08003adb   Thumb Code     0  startup_stm32f40_41xxx.o(.text)
    I2C1_EV_IRQHandler                       0x08003adb   Thumb Code     0  startup_stm32f40_41xxx.o(.text)
    I2C2_ER_IRQHandler                       0x08003adb   Thumb Code     0  startup_stm32f40_41xxx.o(.text)
    I2C2_EV_IRQHandler                       0x08003adb   Thumb Code     0  startup_stm32f40_41xxx.o(.text)
    I2C3_ER_IRQHandler                       0x08003adb   Thumb Code     0  startup_stm32f40_41xxx.o(.text)
    I2C3_EV_IRQHandler                       0x08003adb   Thumb Code     0  startup_stm32f40_41xxx.o(.text)
    OTG_HS_EP1_IN_IRQHandler                 0x08003adb   Thumb Code     0  startup_stm32f40_41xxx.o(.text)
    OTG_HS_EP1_OUT_IRQHandler                0x08003adb   Thumb Code     0  startup_stm32f40_41xxx.o(.text)
    OTG_HS_IRQHandler                        0x08003adb   Thumb Code     0  startup_stm32f40_41xxx.o(.text)
    OTG_HS_WKUP_IRQHandler                   0x08003adb   Thumb Code     0  startup_stm32f40_41xxx.o(.text)
    PVD_IRQHandler                           0x08003adb   Thumb Code     0  startup_stm32f40_41xxx.o(.text)
    RCC_IRQHandler                           0x08003adb   Thumb Code     0  startup_stm32f40_41xxx.o(.text)
    RTC_Alarm_IRQHandler                     0x08003adb   Thumb Code     0  startup_stm32f40_41xxx.o(.text)
    RTC_WKUP_IRQHandler                      0x08003adb   Thumb Code     0  startup_stm32f40_41xxx.o(.text)
    SDIO_IRQHandler                          0x08003adb   Thumb Code     0  startup_stm32f40_41xxx.o(.text)
    SPI1_IRQHandler                          0x08003adb   Thumb Code     0  startup_stm32f40_41xxx.o(.text)
    SPI2_IRQHandler                          0x08003adb   Thumb Code     0  startup_stm32f40_41xxx.o(.text)
    SPI3_IRQHandler                          0x08003adb   Thumb Code     0  startup_stm32f40_41xxx.o(.text)
    TAMP_STAMP_IRQHandler                    0x08003adb   Thumb Code     0  startup_stm32f40_41xxx.o(.text)
    TIM1_BRK_TIM9_IRQHandler                 0x08003adb   Thumb Code     0  startup_stm32f40_41xxx.o(.text)
    TIM1_CC_IRQHandler                       0x08003adb   Thumb Code     0  startup_stm32f40_41xxx.o(.text)
    TIM1_TRG_COM_TIM11_IRQHandler            0x08003adb   Thumb Code     0  startup_stm32f40_41xxx.o(.text)
    TIM1_UP_TIM10_IRQHandler                 0x08003adb   Thumb Code     0  startup_stm32f40_41xxx.o(.text)
    TIM2_IRQHandler                          0x08003adb   Thumb Code     0  startup_stm32f40_41xxx.o(.text)
    TIM3_IRQHandler                          0x08003adb   Thumb Code     0  startup_stm32f40_41xxx.o(.text)
    TIM4_IRQHandler                          0x08003adb   Thumb Code     0  startup_stm32f40_41xxx.o(.text)
    TIM5_IRQHandler                          0x08003adb   Thumb Code     0  startup_stm32f40_41xxx.o(.text)
    TIM6_DAC_IRQHandler                      0x08003adb   Thumb Code     0  startup_stm32f40_41xxx.o(.text)
    TIM7_IRQHandler                          0x08003adb   Thumb Code     0  startup_stm32f40_41xxx.o(.text)
    TIM8_BRK_TIM12_IRQHandler                0x08003adb   Thumb Code     0  startup_stm32f40_41xxx.o(.text)
    TIM8_CC_IRQHandler                       0x08003adb   Thumb Code     0  startup_stm32f40_41xxx.o(.text)
    TIM8_TRG_COM_TIM14_IRQHandler            0x08003adb   Thumb Code     0  startup_stm32f40_41xxx.o(.text)
    TIM8_UP_TIM13_IRQHandler                 0x08003adb   Thumb Code     0  startup_stm32f40_41xxx.o(.text)
    UART4_IRQHandler                         0x08003adb   Thumb Code     0  startup_stm32f40_41xxx.o(.text)
    UART5_IRQHandler                         0x08003adb   Thumb Code     0  startup_stm32f40_41xxx.o(.text)
    USART1_IRQHandler                        0x08003adb   Thumb Code     0  startup_stm32f40_41xxx.o(.text)
    USART2_IRQHandler                        0x08003adb   Thumb Code     0  startup_stm32f40_41xxx.o(.text)
    USART3_IRQHandler                        0x08003adb   Thumb Code     0  startup_stm32f40_41xxx.o(.text)
    USART6_IRQHandler                        0x08003adb   Thumb Code     0  startup_stm32f40_41xxx.o(.text)
    WWDG_IRQHandler                          0x08003adb   Thumb Code     0  startup_stm32f40_41xxx.o(.text)
    NVIC_PriorityGroupConfig                 0x08003ae5   Thumb Code    10  misc.o(.text)
    NVIC_Init                                0x08003aef   Thumb Code   106  misc.o(.text)
    NVIC_SetVectorTable                      0x08003b59   Thumb Code    14  misc.o(.text)
    NVIC_SystemLPConfig                      0x08003b67   Thumb Code    34  misc.o(.text)
    SysTick_CLKSourceConfig                  0x08003b89   Thumb Code    40  misc.o(.text)
    EXTI_DeInit                              0x08003bc5   Thumb Code    28  stm32f4xx_exti.o(.text)
    EXTI_Init                                0x08003be1   Thumb Code   142  stm32f4xx_exti.o(.text)
    EXTI_StructInit                          0x08003c6f   Thumb Code    16  stm32f4xx_exti.o(.text)
    EXTI_GenerateSWInterrupt                 0x08003c7f   Thumb Code    16  stm32f4xx_exti.o(.text)
    EXTI_GetFlagStatus                       0x08003c8f   Thumb Code    22  stm32f4xx_exti.o(.text)
    EXTI_ClearFlag                           0x08003ca5   Thumb Code     8  stm32f4xx_exti.o(.text)
    EXTI_GetITStatus                         0x08003cad   Thumb Code    22  stm32f4xx_exti.o(.text)
    EXTI_ClearITPendingBit                   0x08003cc3   Thumb Code     8  stm32f4xx_exti.o(.text)
    GPIO_DeInit                              0x08003cd5   Thumb Code   268  stm32f4xx_gpio.o(.text)
    GPIO_Init                                0x08003de1   Thumb Code   144  stm32f4xx_gpio.o(.text)
    GPIO_StructInit                          0x08003e71   Thumb Code    18  stm32f4xx_gpio.o(.text)
    GPIO_PinLockConfig                       0x08003e83   Thumb Code    34  stm32f4xx_gpio.o(.text)
    GPIO_ReadInputDataBit                    0x08003ea5   Thumb Code    18  stm32f4xx_gpio.o(.text)
    GPIO_ReadInputData                       0x08003eb7   Thumb Code     8  stm32f4xx_gpio.o(.text)
    GPIO_ReadOutputDataBit                   0x08003ebf   Thumb Code    18  stm32f4xx_gpio.o(.text)
    GPIO_ReadOutputData                      0x08003ed1   Thumb Code     8  stm32f4xx_gpio.o(.text)
    GPIO_SetBits                             0x08003ed9   Thumb Code     4  stm32f4xx_gpio.o(.text)
    GPIO_ResetBits                           0x08003edd   Thumb Code     4  stm32f4xx_gpio.o(.text)
    GPIO_WriteBit                            0x08003ee1   Thumb Code    10  stm32f4xx_gpio.o(.text)
    GPIO_Write                               0x08003eeb   Thumb Code     4  stm32f4xx_gpio.o(.text)
    GPIO_ToggleBits                          0x08003eef   Thumb Code     8  stm32f4xx_gpio.o(.text)
    GPIO_PinAFConfig                         0x08003ef7   Thumb Code    70  stm32f4xx_gpio.o(.text)
    RCC_DeInit                               0x08003f69   Thumb Code    82  stm32f4xx_rcc.o(.text)
    RCC_HSEConfig                            0x08003fbb   Thumb Code    14  stm32f4xx_rcc.o(.text)
    RCC_GetFlagStatus                        0x08003fc9   Thumb Code    60  stm32f4xx_rcc.o(.text)
    RCC_WaitForHSEStartUp                    0x08004005   Thumb Code    56  stm32f4xx_rcc.o(.text)
    RCC_AdjustHSICalibrationValue            0x0800403d   Thumb Code    20  stm32f4xx_rcc.o(.text)
    RCC_HSICmd                               0x08004051   Thumb Code     6  stm32f4xx_rcc.o(.text)
    RCC_LSEConfig                            0x08004057   Thumb Code    46  stm32f4xx_rcc.o(.text)
    RCC_LSICmd                               0x08004085   Thumb Code     6  stm32f4xx_rcc.o(.text)
    RCC_PLLConfig                            0x0800408b   Thumb Code    32  stm32f4xx_rcc.o(.text)
    RCC_PLLCmd                               0x080040ab   Thumb Code     6  stm32f4xx_rcc.o(.text)
    RCC_PLLI2SConfig                         0x080040b1   Thumb Code    14  stm32f4xx_rcc.o(.text)
    RCC_PLLI2SCmd                            0x080040bf   Thumb Code     6  stm32f4xx_rcc.o(.text)
    RCC_PLLSAIConfig                         0x080040c5   Thumb Code    20  stm32f4xx_rcc.o(.text)
    RCC_PLLSAICmd                            0x080040d9   Thumb Code     6  stm32f4xx_rcc.o(.text)
    RCC_ClockSecuritySystemCmd               0x080040df   Thumb Code     6  stm32f4xx_rcc.o(.text)
    RCC_MCO1Config                           0x080040e5   Thumb Code    28  stm32f4xx_rcc.o(.text)
    RCC_MCO2Config                           0x08004101   Thumb Code    28  stm32f4xx_rcc.o(.text)
    RCC_SYSCLKConfig                         0x0800411d   Thumb Code    20  stm32f4xx_rcc.o(.text)
    RCC_GetSYSCLKSource                      0x08004131   Thumb Code    12  stm32f4xx_rcc.o(.text)
    RCC_HCLKConfig                           0x0800413d   Thumb Code    20  stm32f4xx_rcc.o(.text)
    RCC_PCLK1Config                          0x08004151   Thumb Code    20  stm32f4xx_rcc.o(.text)
    RCC_PCLK2Config                          0x08004165   Thumb Code    22  stm32f4xx_rcc.o(.text)
    RCC_GetClocksFreq                        0x0800417b   Thumb Code   222  stm32f4xx_rcc.o(.text)
    RCC_RTCCLKConfig                         0x08004259   Thumb Code    54  stm32f4xx_rcc.o(.text)
    RCC_RTCCLKCmd                            0x0800428f   Thumb Code     8  stm32f4xx_rcc.o(.text)
    RCC_BackupResetCmd                       0x08004297   Thumb Code     8  stm32f4xx_rcc.o(.text)
    RCC_I2SCLKConfig                         0x0800429f   Thumb Code     6  stm32f4xx_rcc.o(.text)
    RCC_SAIPLLI2SClkDivConfig                0x080042a5   Thumb Code    26  stm32f4xx_rcc.o(.text)
    RCC_SAIPLLSAIClkDivConfig                0x080042bf   Thumb Code    28  stm32f4xx_rcc.o(.text)
    RCC_SAIBlockACLKConfig                   0x080042db   Thumb Code    20  stm32f4xx_rcc.o(.text)
    RCC_SAIBlockBCLKConfig                   0x080042ef   Thumb Code    20  stm32f4xx_rcc.o(.text)
    RCC_LTDCCLKDivConfig                     0x08004303   Thumb Code    20  stm32f4xx_rcc.o(.text)
    RCC_TIMCLKPresConfig                     0x08004317   Thumb Code     6  stm32f4xx_rcc.o(.text)
    RCC_AHB1PeriphClockCmd                   0x0800431d   Thumb Code    34  stm32f4xx_rcc.o(.text)
    RCC_AHB2PeriphClockCmd                   0x0800433f   Thumb Code    78  stm32f4xx_rcc.o(.text)
    RCC_AHB3PeriphClockCmd                   0x0800438d   Thumb Code    34  stm32f4xx_rcc.o(.text)
    RCC_APB1PeriphClockCmd                   0x080043af   Thumb Code    34  stm32f4xx_rcc.o(.text)
    RCC_APB2PeriphClockCmd                   0x080043d1   Thumb Code    34  stm32f4xx_rcc.o(.text)
    RCC_AHB1PeriphResetCmd                   0x080043f3   Thumb Code    34  stm32f4xx_rcc.o(.text)
    RCC_AHB2PeriphResetCmd                   0x08004415   Thumb Code    34  stm32f4xx_rcc.o(.text)
    RCC_AHB3PeriphResetCmd                   0x08004437   Thumb Code    34  stm32f4xx_rcc.o(.text)
    RCC_APB1PeriphResetCmd                   0x08004459   Thumb Code    34  stm32f4xx_rcc.o(.text)
    RCC_APB2PeriphResetCmd                   0x0800447b   Thumb Code    34  stm32f4xx_rcc.o(.text)
    RCC_AHB1PeriphClockLPModeCmd             0x0800449d   Thumb Code    34  stm32f4xx_rcc.o(.text)
    RCC_AHB2PeriphClockLPModeCmd             0x080044bf   Thumb Code    34  stm32f4xx_rcc.o(.text)
    RCC_AHB3PeriphClockLPModeCmd             0x080044e1   Thumb Code    34  stm32f4xx_rcc.o(.text)
    RCC_APB1PeriphClockLPModeCmd             0x08004503   Thumb Code    34  stm32f4xx_rcc.o(.text)
    RCC_APB2PeriphClockLPModeCmd             0x08004525   Thumb Code    34  stm32f4xx_rcc.o(.text)
    RCC_ITConfig                             0x08004547   Thumb Code    34  stm32f4xx_rcc.o(.text)
    RCC_ClearFlag                            0x08004569   Thumb Code    18  stm32f4xx_rcc.o(.text)
    RCC_GetITStatus                          0x0800457b   Thumb Code    22  stm32f4xx_rcc.o(.text)
    RCC_ClearITPendingBit                    0x08004591   Thumb Code     8  stm32f4xx_rcc.o(.text)
    SPI_I2S_DeInit                           0x0800459d   Thumb Code   152  stm32f4xx_spi.o(.text)
    SPI_Init                                 0x08004635   Thumb Code    60  stm32f4xx_spi.o(.text)
    I2S_Init                                 0x08004671   Thumb Code   350  stm32f4xx_spi.o(.text)
    SPI_StructInit                           0x080047cf   Thumb Code    24  stm32f4xx_spi.o(.text)
    I2S_StructInit                           0x080047e7   Thumb Code    20  stm32f4xx_spi.o(.text)
    SPI_Cmd                                  0x080047fb   Thumb Code    24  stm32f4xx_spi.o(.text)
    I2S_Cmd                                  0x08004813   Thumb Code    24  stm32f4xx_spi.o(.text)
    SPI_DataSizeConfig                       0x0800482b   Thumb Code    18  stm32f4xx_spi.o(.text)
    SPI_BiDirectionalLineConfig              0x0800483d   Thumb Code    28  stm32f4xx_spi.o(.text)
    SPI_NSSInternalSoftwareConfig            0x08004859   Thumb Code    30  stm32f4xx_spi.o(.text)
    SPI_SSOutputCmd                          0x08004877   Thumb Code    24  stm32f4xx_spi.o(.text)
    SPI_TIModeCmd                            0x0800488f   Thumb Code    24  stm32f4xx_spi.o(.text)
    I2S_FullDuplexConfig                     0x080048a7   Thumb Code    80  stm32f4xx_spi.o(.text)
    SPI_I2S_ReceiveData                      0x080048f7   Thumb Code     6  stm32f4xx_spi.o(.text)
    SPI_I2S_SendData                         0x080048fd   Thumb Code     4  stm32f4xx_spi.o(.text)
    SPI_CalculateCRC                         0x08004901   Thumb Code    24  stm32f4xx_spi.o(.text)
    SPI_TransmitCRC                          0x08004919   Thumb Code    10  stm32f4xx_spi.o(.text)
    SPI_GetCRC                               0x08004923   Thumb Code    16  stm32f4xx_spi.o(.text)
    SPI_GetCRCPolynomial                     0x08004933   Thumb Code     6  stm32f4xx_spi.o(.text)
    SPI_I2S_DMACmd                           0x08004939   Thumb Code    18  stm32f4xx_spi.o(.text)
    SPI_I2S_ITConfig                         0x0800494b   Thumb Code    32  stm32f4xx_spi.o(.text)
    SPI_I2S_GetFlagStatus                    0x0800496b   Thumb Code    50  stm32f4xx_spi.o(.text)
    SPI_I2S_ClearFlag                        0x0800499d   Thumb Code     6  stm32f4xx_spi.o(.text)
    SPI_I2S_GetITStatus                      0x080049a3   Thumb Code    52  stm32f4xx_spi.o(.text)
    SPI_I2S_ClearITPendingBit                0x080049d7   Thumb Code    20  stm32f4xx_spi.o(.text)
    I2C_DeInit                               0x080049ed   Thumb Code    82  stm32f4xx_i2c.o(.text)
    I2C_Init                                 0x08004a3f   Thumb Code   218  stm32f4xx_i2c.o(.text)
    I2C_StructInit                           0x08004b19   Thumb Code    30  stm32f4xx_i2c.o(.text)
    I2C_Cmd                                  0x08004b37   Thumb Code    24  stm32f4xx_i2c.o(.text)
    I2C_AnalogFilterCmd                      0x08004b4f   Thumb Code    24  stm32f4xx_i2c.o(.text)
    I2C_DigitalFilterConfig                  0x08004b67   Thumb Code    22  stm32f4xx_i2c.o(.text)
    I2C_GenerateSTART                        0x08004b7d   Thumb Code    24  stm32f4xx_i2c.o(.text)
    I2C_GenerateSTOP                         0x08004b95   Thumb Code    24  stm32f4xx_i2c.o(.text)
    I2C_Send7bitAddress                      0x08004bad   Thumb Code    16  stm32f4xx_i2c.o(.text)
    I2C_AcknowledgeConfig                    0x08004bbd   Thumb Code    24  stm32f4xx_i2c.o(.text)
    I2C_OwnAddress2Config                    0x08004bd5   Thumb Code    22  stm32f4xx_i2c.o(.text)
    I2C_DualAddressCmd                       0x08004beb   Thumb Code    24  stm32f4xx_i2c.o(.text)
    I2C_GeneralCallCmd                       0x08004c03   Thumb Code    24  stm32f4xx_i2c.o(.text)
    I2C_SoftwareResetCmd                     0x08004c1b   Thumb Code    22  stm32f4xx_i2c.o(.text)
    I2C_StretchClockCmd                      0x08004c31   Thumb Code    24  stm32f4xx_i2c.o(.text)
    I2C_FastModeDutyCycleConfig              0x08004c49   Thumb Code    28  stm32f4xx_i2c.o(.text)
    I2C_NACKPositionConfig                   0x08004c65   Thumb Code    28  stm32f4xx_i2c.o(.text)
    I2C_SMBusAlertConfig                     0x08004c81   Thumb Code    28  stm32f4xx_i2c.o(.text)
    I2C_ARPCmd                               0x08004c9d   Thumb Code    24  stm32f4xx_i2c.o(.text)
    I2C_SendData                             0x08004cb5   Thumb Code     4  stm32f4xx_i2c.o(.text)
    I2C_ReceiveData                          0x08004cb9   Thumb Code     8  stm32f4xx_i2c.o(.text)
    I2C_TransmitPEC                          0x08004cc1   Thumb Code    24  stm32f4xx_i2c.o(.text)
    I2C_PECPositionConfig                    0x08004cd9   Thumb Code    28  stm32f4xx_i2c.o(.text)
    I2C_CalculatePEC                         0x08004cf5   Thumb Code    24  stm32f4xx_i2c.o(.text)
    I2C_GetPEC                               0x08004d0d   Thumb Code     8  stm32f4xx_i2c.o(.text)
    I2C_DMACmd                               0x08004d15   Thumb Code    24  stm32f4xx_i2c.o(.text)
    I2C_DMALastTransferCmd                   0x08004d2d   Thumb Code    24  stm32f4xx_i2c.o(.text)
    I2C_ReadRegister                         0x08004d45   Thumb Code    22  stm32f4xx_i2c.o(.text)
    I2C_ITConfig                             0x08004d5b   Thumb Code    18  stm32f4xx_i2c.o(.text)
    I2C_CheckEvent                           0x08004d6d   Thumb Code    42  stm32f4xx_i2c.o(.text)
    I2C_GetLastEvent                         0x08004d97   Thumb Code    26  stm32f4xx_i2c.o(.text)
    I2C_GetFlagStatus                        0x08004db1   Thumb Code    84  stm32f4xx_i2c.o(.text)
    I2C_ClearFlag                            0x08004e05   Thumb Code    12  stm32f4xx_i2c.o(.text)
    I2C_GetITStatus                          0x08004e11   Thumb Code    38  stm32f4xx_i2c.o(.text)
    I2C_ClearITPendingBit                    0x08004e37   Thumb Code    12  stm32f4xx_i2c.o(.text)
    arm_sin_f32                              0x08004e45   Thumb Code   104  arm_sin_f32.o(.text)
    __aeabi_ddiv                             0x08004eb9   Thumb Code   222  ddiv.o(.text)
    __aeabi_ui2d                             0x08004f97   Thumb Code    26  dfltui.o(.text)
    __aeabi_d2f                              0x08004fb1   Thumb Code    56  d2f.o(.text)
    __I$use$fp                               0x08004fe9   Thumb Code     0  iusefp.o(.text)
    _float_round                             0x08004fe9   Thumb Code    18  fepilogue.o(.text)
    _float_epilogue                          0x08004ffb   Thumb Code    92  fepilogue.o(.text)
    _double_round                            0x08005057   Thumb Code    26  depilogue.o(.text)
    _double_epilogue                         0x08005071   Thumb Code   156  depilogue.o(.text)
    __scatterload                            0x0800510d   Thumb Code    28  init.o(.text)
    __scatterload_rt2                        0x0800510d   Thumb Code     0  init.o(.text)
    __aeabi_llsl                             0x08005131   Thumb Code    30  llshl.o(.text)
    _ll_shift_l                              0x08005131   Thumb Code     0  llshl.o(.text)
    __aeabi_llsr                             0x0800514f   Thumb Code    32  llushr.o(.text)
    _ll_ushift_r                             0x0800514f   Thumb Code     0  llushr.o(.text)
    __decompress                             0x0800516f   Thumb Code     0  __dczerorl2.o(.text)
    __decompress1                            0x0800516f   Thumb Code    86  __dczerorl2.o(.text)
    __scatterload_copy                       0x080051c5   Thumb Code    14  handlers.o(i.__scatterload_copy)
    __scatterload_null                       0x080051d3   Thumb Code     2  handlers.o(i.__scatterload_null)
    __scatterload_zeroinit                   0x080051d5   Thumb Code    14  handlers.o(i.__scatterload_zeroinit)
    sinTable_f32                             0x080051e4   Data        2052  arm_common_tables.o(.constdata)
    Region$$Table$$Base                      0x080059e8   Number         0  anon$$obj.o(Region$$Table)
    Region$$Table$$Limit                     0x08005a08   Number         0  anon$$obj.o(Region$$Table)
    msTicks                                  0x20000000   Data           4  main.o(.data)
    tm_int_usb_vcp_buf_in                    0x20000004   Data           4  tm_stm32f4_usb_vcp.o(.data)
    tm_int_usb_vcp_buf_out                   0x20000008   Data           4  tm_stm32f4_usb_vcp.o(.data)
    tm_int_usb_vcp_buf_num                   0x2000000c   Data           4  tm_stm32f4_usb_vcp.o(.data)
    TM_USB_VCP_INT_Init                      0x20000010   Data           1  tm_stm32f4_usb_vcp.o(.data)
    CmdBuff                                  0x20000018   Data           8  usbd_cdc_core.o(.data)
    APP_Rx_ptr_in                            0x20000020   Data           4  usbd_cdc_core.o(.data)
    APP_Rx_ptr_out                           0x20000024   Data           4  usbd_cdc_core.o(.data)
    APP_Rx_length                            0x20000028   Data           4  usbd_cdc_core.o(.data)
    USB_Tx_State                             0x2000002c   Data           1  usbd_cdc_core.o(.data)
    USBD_CDC_cb                              0x20000038   Data          44  usbd_cdc_core.o(.data)
    usbd_cdc_CfgDesc                         0x20000064   Data          67  usbd_cdc_core.o(.data)
    linecoding                               0x200000ac   Data           8  usbd_cdc_vcp.o(.data)
    VCP_fops                                 0x200000b4   Data          20  usbd_cdc_vcp.o(.data)
    SET_TEST_MODE                            0x200000c8   Data           4  usbd_core.o(.data)
    USBD_DCD_INT_cb                          0x200000cc   Data          44  usbd_core.o(.data)
    USBD_DCD_INT_fops                        0x200000f8   Data           4  usbd_core.o(.data)
    USR_desc                                 0x200000fc   Data          28  usbd_desc.o(.data)
    USBD_DeviceDesc                          0x20000118   Data          18  usbd_desc.o(.data)
    USBD_DeviceQualifierDesc                 0x2000012a   Data          10  usbd_desc.o(.data)
    USBD_LangIDDesc                          0x20000134   Data           4  usbd_desc.o(.data)
    USBD_ep_status                           0x20000138   Data           4  usbd_req.o(.data)
    USBD_default_cfg                         0x2000013c   Data           4  usbd_req.o(.data)
    USBD_cfg_status                          0x20000140   Data           4  usbd_req.o(.data)
    TM_USB_VCP_INT_Status                    0x20000148   Data           1  usbd_usr.o(.data)
    USR_cb                                   0x2000014c   Data          28  usbd_usr.o(.data)
    SystemCoreClock                          0x20000168   Data           4  system_stm32f4xx.o(.data)
    AHBPrescTable                            0x2000016c   Data          16  system_stm32f4xx.o(.data)
    TM_INT_USB_VCP_ReceiveBuffer             0x2000018c   Data         128  tm_stm32f4_usb_vcp.o(.bss)
    USB_OTG_dev                              0x2000020c   Data        1524  tm_stm32f4_usb_vcp.o(.bss)
    usbd_cdc_OtherCfgDesc                    0x20000800   Data          67  usbd_cdc_core.o(.bss)
    USB_Rx_Buffer                            0x20000843   Data          64  usbd_cdc_core.o(.bss)
    APP_Rx_Buffer                            0x20000883   Data        2048  usbd_cdc_core.o(.bss)
    USBD_StrDesc                             0x20001083   Data         255  usbd_req.o(.bss)
    __initial_sp                             0x20005188   Data           0  startup_stm32f40_41xxx.o(STACK)



==============================================================================

Memory Map of the image

  Image Entry point : 0x08000189

  Load Region LR_IROM1 (Base: 0x08000000, Size: 0x00005b94, Max: 0x00100000, ABSOLUTE, COMPRESSED[0x00005af8])

    Execution Region ER_IROM1 (Base: 0x08000000, Size: 0x00005a08, Max: 0x00100000, ABSOLUTE)

    Base Addr    Size         Type   Attr      Idx    E Section Name        Object

    0x08000000   0x00000188   Data   RO          619    RESET               startup_stm32f40_41xxx.o
    0x08000188   0x00000000   Code   RO          869  * .ARM.Collect$$$$00000000  mc_w.l(entry.o)
    0x08000188   0x00000004   Code   RO          878    .ARM.Collect$$$$00000001  mc_w.l(entry2.o)
    0x0800018c   0x00000004   Code   RO          881    .ARM.Collect$$$$00000004  mc_w.l(entry5.o)
    0x08000190   0x00000000   Code   RO          883    .ARM.Collect$$$$00000008  mc_w.l(entry7b.o)
    0x08000190   0x00000000   Code   RO          885    .ARM.Collect$$$$0000000A  mc_w.l(entry8b.o)
    0x08000190   0x00000008   Code   RO          886    .ARM.Collect$$$$0000000B  mc_w.l(entry9a.o)
    0x08000198   0x00000000   Code   RO          888    .ARM.Collect$$$$0000000D  mc_w.l(entry10a.o)
    0x08000198   0x00000000   Code   RO          890    .ARM.Collect$$$$0000000F  mc_w.l(entry11a.o)
    0x08000198   0x00000004   Code   RO          879    .ARM.Collect$$$$00002712  mc_w.l(entry2.o)
    0x0800019c   0x0000050c   Code   RO           80    .text               main.o
    0x080006a8   0x0000003c   Code   RO          138    .text               serial_port_usb.o
    0x080006e4   0x0000004c   Code   RO          206    .text               speaker.o
    0x08000730   0x0000041c   Code   RO          229    .text               codec.o
    0x08000b4c   0x00000170   Code   RO          249    .text               tm_stm32f4_usb_vcp.o
    0x08000cbc   0x00000120   Code   RO          322    .text               usb_bsp.o
    0x08000ddc   0x00000fda   Code   RO          346    .text               usb_core.o
    0x08001db6   0x0000037e   Code   RO          366    .text               usb_dcd.o
    0x08002134   0x00000770   Code   RO          386    .text               usb_dcd_int.o
    0x080028a4   0x00000334   Code   RO          410    .text               usbd_cdc_core.o
    0x08002bd8   0x00000100   Code   RO          440    .text               usbd_cdc_vcp.o
    0x08002cd8   0x000002f8   Code   RO          464    .text               usbd_core.o
    0x08002fd0   0x000000e8   Code   RO          490    .text               usbd_desc.o
    0x080030b8   0x000000f4   Code   RO          517    .text               usbd_ioreq.o
    0x080031ac   0x000006c0   Code   RO          537    .text               usbd_req.o
    0x0800386c   0x00000044   Code   RO          566    .text               usbd_usr.o
    0x080038b0   0x00000210   Code   RO          593    .text               system_stm32f4xx.o
    0x08003ac0   0x00000024   Code   RO          620    .text               startup_stm32f40_41xxx.o
    0x08003ae4   0x000000e0   Code   RO          626    .text               misc.o
    0x08003bc4   0x00000110   Code   RO          646    .text               stm32f4xx_exti.o
    0x08003cd4   0x00000294   Code   RO          666    .text               stm32f4xx_gpio.o
    0x08003f68   0x00000634   Code   RO          686    .text               stm32f4xx_rcc.o
    0x0800459c   0x0000044e   Code   RO          728    .text               stm32f4xx_spi.o
    0x080049ea   0x00000002   PAD
    0x080049ec   0x00000456   Code   RO          748    .text               stm32f4xx_i2c.o
    0x08004e42   0x00000002   PAD
    0x08004e44   0x00000074   Code   RO          768    .text               arm_cortexM4lf_math.lib(arm_sin_f32.o)
    0x08004eb8   0x000000de   Code   RO          872    .text               mf_w.l(ddiv.o)
    0x08004f96   0x0000001a   Code   RO          874    .text               mf_w.l(dfltui.o)
    0x08004fb0   0x00000038   Code   RO          876    .text               mf_w.l(d2f.o)
    0x08004fe8   0x00000000   Code   RO          892    .text               mc_w.l(iusefp.o)
    0x08004fe8   0x0000006e   Code   RO          893    .text               mf_w.l(fepilogue.o)
    0x08005056   0x000000b6   Code   RO          895    .text               mf_w.l(depilogue.o)
    0x0800510c   0x00000024   Code   RO          897    .text               mc_w.l(init.o)
    0x08005130   0x0000001e   Code   RO          899    .text               mc_w.l(llshl.o)
    0x0800514e   0x00000020   Code   RO          901    .text               mc_w.l(llushr.o)
    0x0800516e   0x00000056   Code   RO          911    .text               mc_w.l(__dczerorl2.o)
    0x080051c4   0x0000000e   Code   RO          905    i.__scatterload_copy  mc_w.l(handlers.o)
    0x080051d2   0x00000002   Code   RO          906    i.__scatterload_null  mc_w.l(handlers.o)
    0x080051d4   0x0000000e   Code   RO          907    i.__scatterload_zeroinit  mc_w.l(handlers.o)
    0x080051e2   0x00000002   PAD
    0x080051e4   0x00000804   Data   RO          848    .constdata          arm_cortexM4lf_math.lib(arm_common_tables.o)
    0x080059e8   0x00000020   Data   RO          903    Region$$Table       anon$$obj.o


    Execution Region RW_IRAM1 (Base: 0x20000000, Size: 0x00005188, Max: 0x00020000, ABSOLUTE, COMPRESSED[0x000000f0])

    Base Addr    Size         Type   Attr      Idx    E Section Name        Object

    0x20000000   0x00000004   Data   RW           81    .data               main.o
    0x20000004   0x0000000d   Data   RW          251    .data               tm_stm32f4_usb_vcp.o
    0x20000011   0x00000003   PAD
    0x20000014   0x00000098   Data   RW          412    .data               usbd_cdc_core.o
    0x200000ac   0x0000001c   Data   RW          441    .data               usbd_cdc_vcp.o
    0x200000c8   0x00000034   Data   RW          465    .data               usbd_core.o
    0x200000fc   0x0000003c   Data   RW          491    .data               usbd_desc.o
    0x20000138   0x0000000d   Data   RW          539    .data               usbd_req.o
    0x20000145   0x00000003   PAD
    0x20000148   0x00000020   Data   RW          567    .data               usbd_usr.o
    0x20000168   0x00000014   Data   RW          594    .data               system_stm32f4xx.o
    0x2000017c   0x00000010   Data   RW          687    .data               stm32f4xx_rcc.o
    0x2000018c   0x00000674   Zero   RW          250    .bss                tm_stm32f4_usb_vcp.o
    0x20000800   0x00000883   Zero   RW          411    .bss                usbd_cdc_core.o
    0x20001083   0x000000ff   Zero   RW          538    .bss                usbd_req.o
    0x20001182   0x00000006   PAD
    0x20001188   0x00004000   Zero   RW          617    STACK               startup_stm32f40_41xxx.o


==============================================================================

Image component sizes


      Code (inc. data)   RO Data    RW Data    ZI Data      Debug   Object Name

      1052         46          0          0          0       2053   codec.o
         0          0          0          0          0      42772   fputc_def.o
      1292        192          0          4          0     278676   main.o
       224         20          0          0          0       2025   misc.o
        60          0          0          0          0       1419   serial_port_usb.o
        76          6          0          0          0        679   speaker.o
        36          8        392          0      16384        884   startup_stm32f40_41xxx.o
       272         10          0          0          0       2467   stm32f4xx_exti.o
       660         44          0          0          0       4301   stm32f4xx_gpio.o
      1110         26          0          0          0       8751   stm32f4xx_i2c.o
      1588         52          0         16          0      12950   stm32f4xx_rcc.o
      1102         32          0          0          0       7069   stm32f4xx_spi.o
       528         46          0         20          0       2027   system_stm32f4xx.o
       368         40          0         13       1652      25611   tm_stm32f4_usb_vcp.o
       288         10          0          0          0       2152   usb_bsp.o
      4058         10          0          0          0      12560   usb_core.o
       894          0          0          0          0       4380   usb_dcd.o
      1904         22          0          0          0       4899   usb_dcd_int.o
       820         58          0        152       2179       5308   usbd_cdc_core.o
       256         14          0         28          0       2344   usbd_cdc_vcp.o
       760          6          0         52          0       5270   usbd_core.o
       232        112          0         60          0       3552   usbd_desc.o
       244          0          0          0          0       2626   usbd_ioreq.o
      1728         50          0         13        255       5357   usbd_req.o
        68          6          0         32          0       1863   usbd_usr.o

    ----------------------------------------------------------------------
     19624        810        424        396      20476     441995   Object Totals
         0          0         32          0          0          0   (incl. Generated)
         4          0          0          6          6          0   (incl. Padding)

    ----------------------------------------------------------------------

      Code (inc. data)   RO Data    RW Data    ZI Data      Debug   Library Member Name

         0          0       2052          0          0       2752   arm_common_tables.o
       116         12          0          0          0      16074   arm_sin_f32.o
        86          0          0          0          0          0   __dczerorl2.o
         0          0          0          0          0          0   entry.o
         0          0          0          0          0          0   entry10a.o
         0          0          0          0          0          0   entry11a.o
         8          4          0          0          0          0   entry2.o
         4          0          0          0          0          0   entry5.o
         0          0          0          0          0          0   entry7b.o
         0          0          0          0          0          0   entry8b.o
         8          4          0          0          0          0   entry9a.o
        30          0          0          0          0          0   handlers.o
        36          8          0          0          0         68   init.o
         0          0          0          0          0          0   iusefp.o
        30          0          0          0          0         68   llshl.o
        32          0          0          0          0         68   llushr.o
        56          0          0          0          0         88   d2f.o
       222          0          0          0          0        100   ddiv.o
       182          0          0          0          0        176   depilogue.o
        26          0          0          0          0         76   dfltui.o
       110          0          0          0          0        168   fepilogue.o

    ----------------------------------------------------------------------
       948         28       2052          0          0      19638   Library Totals
         2          0          0          0          0          0   (incl. Padding)

    ----------------------------------------------------------------------

      Code (inc. data)   RO Data    RW Data    ZI Data      Debug   Library Name

       116         12       2052          0          0      18826   arm_cortexM4lf_math.lib
       234         16          0          0          0        204   mc_w.l
       596          0          0          0          0        608   mf_w.l

    ----------------------------------------------------------------------
       948         28       2052          0          0      19638   Library Totals

    ----------------------------------------------------------------------

==============================================================================


      Code (inc. data)   RO Data    RW Data    ZI Data      Debug   

     20572        838       2476        396      20476     456605   Grand Totals
     20572        838       2476        240      20476     456605   ELF Image Totals (compressed)
     20572        838       2476        240          0          0   ROM Totals

==============================================================================

    Total RO  Size (Code + RO Data)                23048 (  22.51kB)
    Total RW  Size (RW Data + ZI Data)             20872 (  20.38kB)
    Total ROM Size (Code + RO Data + RW Data)      23288 (  22.74kB)

==============================================================================

