<html>
<body>
<pre>
<h1>µVision Build Log</h1>
<h2>Project:</h2>
C:\Users\WellsLucas\Dropbox\Poly\5_Fall 2015\EE4144\Final\COMPLETEDMIDI\Blinky.uvprojx
Project File Date:  12/08/2014

<h2>Output:</h2>
Rebuild target 'STM32F407 Flash'
compiling fputc_def.c...
compiling main.c...
compiling serial_port_usb.c...
compiling speaker.c...
compiling codec.c...
compiling tm_stm32f4_usb_vcp.c...
compiling usb_bsp.c...
compiling usb_core.c...
compiling usb_dcd.c...
compiling usb_dcd_int.c...
compiling usbd_cdc_core.c...
compiling usbd_cdc_vcp.c...
compiling usbd_core.c...
compiling usbd_desc.c...
compiling usbd_ioreq.c...
compiling usbd_req.c...
compiling usbd_usr.c...
compiling system_stm32f4xx.c...
assembling startup_stm32f40_41xxx.s...
compiling misc.c...
compiling stm32f4xx_exti.c...
compiling stm32f4xx_gpio.c...
compiling stm32f4xx_rcc.c...
compiling stm32f4xx_syscfg.c...
compiling stm32f4xx_spi.c...
compiling stm32f4xx_i2c.c...
linking...
Program Size: Code=20572 RO-data=2476 RW-data=396 ZI-data=20476  
".\Flash\Blinky.axf" - 0 Error(s), 0 Warning(s).

<h2>Software Packages used:</h2>

Package Vendor: ARM
                http://www.keil.com/pack/ARM.CMSIS.4.1.0.pack
                ARM::CMSIS:DSP:1.4.2
                CMSIS (Cortex Microcontroller Software Interface Standard)
   * Component: DSP Version: 1.4.2
   * Component: CORE Version: 3.30.0

Package Vendor: Keil
                http://www.keil.com/pack/Keil.STM32F4xx_DFP.1.0.8.pack
                Keil::Device:Startup:1.3.1
                STMicroelectronics STM32F4 Series Device Support, Drivers and Examples
   * Component: Startup Version: 1.3.1
   * Component: Framework Version: 1.3.1
   * Component: EXTI Version: 1.3.0
   * Component: SYSCFG Version: 1.3.0
   * Component: GPIO Version: 1.3.0
   * Component: SPI Version: 1.3.0
   * Component: I2C Version: 1.3.0
   * Component: RCC Version: 1.3.0

<h2>Collection of Component include folders:</h2>
  C:\Users\WellsLucas\Dropbox\Poly\5_Fall 2015\EE4144\Final\COMPLETEDMIDI\RTE
  C:\Users\WellsLucas\Dropbox\Poly\5_Fall 2015\EE4144\Final\COMPLETEDMIDI\RTE\Device\STM32F407VG
  C:\Keil_v5\ARM\PACK\ARM\CMSIS\4.1.0\CMSIS\Include
  C:\Keil_v5\ARM\PACK\Keil\STM32F4xx_DFP\1.0.8\Device\Include
  C:\Keil_v5\ARM\PACK\Keil\STM32F4xx_DFP\1.0.8\Device\StdPeriph_Driver\inc

<h2>Collection of Component Files used:</h2>

   * Component: ARM::CMSIS:DSP:1.4.2
      Include file:  CMSIS\Include\arm_math.h
      Library file:  CMSIS\Lib\ARM\arm_cortexM4lf_math.lib

   * Component: ARM::CMSIS:CORE:3.30.0
      Source file:   CMSIS\UserCodeTemplates\ARM\ITM_Retarget.c

   * Component: Keil::Device:Startup:1.3.1
      Source file:   Device\Source\ARM\STM32F40xxx_41xxx_OPT.s
      Include file:  Device\Include\stm32f4xx.h
      Include file:  RTE_Driver\Config\RTE_Device.h
      Source file:   Device\Source\ARM\startup_stm32f40_41xxx.s
      Source file:   Device\Source\ARM\STM32F4xx_OTP.s
      Source file:   Device\Source\system_stm32f4xx.c

   * Component: Keil::Device:StdPeriph Drivers:Framework:1.3.1
      Source file:   Device\StdPeriph_Driver\src\misc.c
      Source file:   Device\StdPeriph_Driver\templates\stm32f4xx_conf.h
      Source file:   Device\StdPeriph_Driver\templates\stm32f4xx_it.c
      Include file:  Device\StdPeriph_Driver\templates\stm32f4xx_it.h

   * Component: Keil::Device:StdPeriph Drivers:EXTI:1.3.0
      Source file:   Device\StdPeriph_Driver\src\stm32f4xx_exti.c
      Include file:  Device\StdPeriph_Driver\inc\stm32f4xx_exti.h

   * Component: Keil::Device:StdPeriph Drivers:SYSCFG:1.3.0
      Include file:  Device\StdPeriph_Driver\inc\stm32f4xx_syscfg.h
      Source file:   Device\StdPeriph_Driver\src\stm32f4xx_syscfg.c

   * Component: Keil::Device:StdPeriph Drivers:GPIO:1.3.0
      Source file:   Device\StdPeriph_Driver\src\stm32f4xx_gpio.c
      Include file:  Device\StdPeriph_Driver\inc\stm32f4xx_gpio.h

   * Component: Keil::Device:StdPeriph Drivers:SPI:1.3.0
      Include file:  Device\StdPeriph_Driver\inc\stm32f4xx_spi.h
      Source file:   Device\StdPeriph_Driver\src\stm32f4xx_spi.c

   * Component: Keil::Device:StdPeriph Drivers:I2C:1.3.0
      Include file:  Device\StdPeriph_Driver\inc\stm32f4xx_i2c.h
      Source file:   Device\StdPeriph_Driver\src\stm32f4xx_i2c.c

   * Component: Keil::Device:StdPeriph Drivers:RCC:1.3.0
      Include file:  Device\StdPeriph_Driver\inc\stm32f4xx_rcc.h
      Source file:   Device\StdPeriph_Driver\src\stm32f4xx_rcc.c
Load "C:\\Users\\WellsLucas\\Dropbox\\Poly\\5_Fall 2015\\EE4144\\Final\\COMPLETEDMIDI\\Flash\\Blinky.axf" 
Erase Done.
Programming Done.
Verify OK.
Application running ...
Load "C:\\Users\\WellsLucas\\Dropbox\\Poly\\5_Fall 2015\\EE4144\\Final\\COMPLETEDMIDI\\Flash\\Blinky.axf" 
Erase Done.
Programming Done.
Verify OK.
Application running ...
</pre>
</body>
</html>
